Archive member included to satisfy reference by file (symbol)

c:/program files (x86)/embitz/1.11/share/em_armgcc/bin/../lib/gcc/arm-none-eabi/5.4.1/armv7-m\libgcc.a(_arm_addsubdf3.o)
                              obj\release\board_support\menu_handlers.o (__aeabi_dsub)
c:/program files (x86)/embitz/1.11/share/em_armgcc/bin/../lib/gcc/arm-none-eabi/5.4.1/armv7-m\libgcc.a(_arm_muldivdf3.o)
                              obj\release\board_support\menu_handlers.o (__aeabi_dmul)
c:/program files (x86)/embitz/1.11/share/em_armgcc/bin/../lib/gcc/arm-none-eabi/5.4.1/armv7-m\libgcc.a(_arm_fixunsdfsi.o)
                              obj\release\board_support\menu_handlers.o (__aeabi_d2uiz)
c:/program files (x86)/embitz/1.11/share/em_armgcc/bin/../lib/gcc/arm-none-eabi/5.4.1/armv7-m\libgcc.a(_arm_truncdfsf2.o)
                              obj\release\board_support\uart_api.o (__aeabi_d2f)
c:/program files (x86)/embitz/1.11/share/em_armgcc/bin/../lib/gcc/arm-none-eabi/5.4.1/armv7-m\libgcc.a(_arm_addsubsf3.o)
                              obj\release\board_support\uart_api.o (__aeabi_fsub)
c:/program files (x86)/embitz/1.11/share/em_armgcc/bin/../lib/gcc/arm-none-eabi/5.4.1/armv7-m\libgcc.a(_arm_fixunssfsi.o)
                              obj\release\board_support\uart_api.o (__aeabi_f2uiz)
c:/program files (x86)/embitz/1.11/share/em_armgcc/bin/../lib/gcc/arm-none-eabi/5.4.1/../../../../arm-none-eabi/lib/armv7-m\libg_n.a(lib_a-atof.o)
                              obj\release\src\main.o (atof)
c:/program files (x86)/embitz/1.11/share/em_armgcc/bin/../lib/gcc/arm-none-eabi/5.4.1/../../../../arm-none-eabi/lib/armv7-m\libg_n.a(lib_a-atoi.o)
                              obj\release\board_support\menu_engine.o (atoi)
c:/program files (x86)/embitz/1.11/share/em_armgcc/bin/../lib/gcc/arm-none-eabi/5.4.1/../../../../arm-none-eabi/lib/armv7-m\libg_n.a(lib_a-exit.o)
                              c:/program files (x86)/embitz/1.11/share/em_armgcc/bin/../lib/gcc/arm-none-eabi/5.4.1/../../../../arm-none-eabi/lib/armv7-m/crt0.o (exit)
c:/program files (x86)/embitz/1.11/share/em_armgcc/bin/../lib/gcc/arm-none-eabi/5.4.1/../../../../arm-none-eabi/lib/armv7-m\libg_n.a(lib_a-impure.o)
                              c:/program files (x86)/embitz/1.11/share/em_armgcc/bin/../lib/gcc/arm-none-eabi/5.4.1/../../../../arm-none-eabi/lib/armv7-m\libg_n.a(lib_a-exit.o) (_global_impure_ptr)
c:/program files (x86)/embitz/1.11/share/em_armgcc/bin/../lib/gcc/arm-none-eabi/5.4.1/../../../../arm-none-eabi/lib/armv7-m\libg_n.a(lib_a-init.o)
                              c:/program files (x86)/embitz/1.11/share/em_armgcc/bin/../lib/gcc/arm-none-eabi/5.4.1/../../../../arm-none-eabi/lib/armv7-m/crt0.o (__libc_init_array)
c:/program files (x86)/embitz/1.11/share/em_armgcc/bin/../lib/gcc/arm-none-eabi/5.4.1/../../../../arm-none-eabi/lib/armv7-m\libg_n.a(lib_a-memcpy-stub.o)
                              obj\release\board_support\board_support_api.o (memcpy)
c:/program files (x86)/embitz/1.11/share/em_armgcc/bin/../lib/gcc/arm-none-eabi/5.4.1/../../../../arm-none-eabi/lib/armv7-m\libg_n.a(lib_a-memset.o)
                              c:/program files (x86)/embitz/1.11/share/em_armgcc/bin/../lib/gcc/arm-none-eabi/5.4.1/../../../../arm-none-eabi/lib/armv7-m/crt0.o (memset)
c:/program files (x86)/embitz/1.11/share/em_armgcc/bin/../lib/gcc/arm-none-eabi/5.4.1/../../../../arm-none-eabi/lib/armv7-m\libg_n.a(lib_a-nano-vfprintf_float.o)
                              (_printf_float)
c:/program files (x86)/embitz/1.11/share/em_armgcc/bin/../lib/gcc/arm-none-eabi/5.4.1/../../../../arm-none-eabi/lib/armv7-m\libg_n.a(lib_a-nano-vfprintf_i.o)
                              c:/program files (x86)/embitz/1.11/share/em_armgcc/bin/../lib/gcc/arm-none-eabi/5.4.1/../../../../arm-none-eabi/lib/armv7-m\libg_n.a(lib_a-nano-vfprintf_float.o) (_printf_common)
c:/program files (x86)/embitz/1.11/share/em_armgcc/bin/../lib/gcc/arm-none-eabi/5.4.1/../../../../arm-none-eabi/lib/armv7-m\libg_n.a(lib_a-printf.o)
                              obj\release\board_support\board_support_api.o (printf)
c:/program files (x86)/embitz/1.11/share/em_armgcc/bin/../lib/gcc/arm-none-eabi/5.4.1/../../../../arm-none-eabi/lib/armv7-m\libg_n.a(lib_a-putchar.o)
                              obj\release\board_support\menu_handlers.o (putchar)
c:/program files (x86)/embitz/1.11/share/em_armgcc/bin/../lib/gcc/arm-none-eabi/5.4.1/../../../../arm-none-eabi/lib/armv7-m\libg_n.a(lib_a-puts.o)
                              obj\release\board_support\board_support_api.o (puts)
c:/program files (x86)/embitz/1.11/share/em_armgcc/bin/../lib/gcc/arm-none-eabi/5.4.1/../../../../arm-none-eabi/lib/armv7-m\libg_n.a(lib_a-rget.o)
                              obj\release\board_support\menu_engine.o (__srget_r)
c:/program files (x86)/embitz/1.11/share/em_armgcc/bin/../lib/gcc/arm-none-eabi/5.4.1/../../../../arm-none-eabi/lib/armv7-m\libg_n.a(lib_a-scanf.o)
[...]
Memory Configuration

Name             Origin             Length             Attributes
ROM              0x08000000         0x00080000         xr
RAM              0x20000000         0x00014000         xrw
*default*        0x00000000         0xffffffff

Linker script and memory map

LOAD c:/program files (x86)/embitz/1.11/share/em_armgcc/bin/../lib/gcc/arm-none-eabi/5.4.1/armv7-m/crti.o
LOAD c:/program files (x86)/embitz/1.11/share/em_armgcc/bin/../lib/gcc/arm-none-eabi/5.4.1/armv7-m/crtbegin.o
LOAD c:/program files (x86)/embitz/1.11/share/em_armgcc/bin/../lib/gcc/arm-none-eabi/5.4.1/../../../../arm-none-eabi/lib/armv7-m/crt0.o
                0x00000000                __HEAP_SIZE = 0x0
                0x00000800                __STACK_SIZE = 0x800

.text           0x08000000     0xd6b8
 *(.isr_vector)
 .isr_vector    0x08000000      0x124 obj\release\src\startup_stm32l1xx_hd.o
                0x08000000                __isr_vector
 *(.text*)
 .text          0x08000124       0x5c c:/program files (x86)/embitz/1.11/share/em_armgcc/bin/../lib/gcc/arm-none-eabi/5.4.1/armv7-m/crtbegin.o
 .text          0x08000180       0x74 c:/program files (x86)/embitz/1.11/share/em_armgcc/bin/../lib/gcc/arm-none-eabi/5.4.1/../../../../arm-none-eabi/lib/armv7-m/crt0.o
                0x08000180                _start
                0x08000180                _mainCRTStartup
 .text.USART3_IRQHandler
                0x080001f4      0x1d8 obj\release\board_support\at_cmd_support.o
                0x080001f4                USART3_IRQHandler
 .text.__AT_FSM_rearm
                0x080003cc       0x48 obj\release\board_support\at_cmd_support.o
                0x080003cc                __AT_FSM_rearm
 .text.AT_ReadReponseBuffer
                0x08000414      0x11c obj\release\board_support\at_cmd_support.o
                0x08000414                AT_ReadReponseBuffer
 .text.AT_SendCommand
                0x08000530       0x58 obj\release\board_support\at_cmd_support.o
                0x08000530                AT_SendCommand
 .text.AT_CreateUDPSocket
                0x08000588       0xd4 obj\release\board_support\at_cmd_support.o
                0x08000588                AT_CreateUDPSocket
 .text.AT_CloseUDPSocket
                0x0800065c       0x90 obj\release\board_support\at_cmd_support.o
                0x0800065c                AT_CloseUDPSocket
 .text.AT_SendUDPData
                0x080006ec      0x178 obj\release\board_support\at_cmd_support.o
                0x080006ec                AT_SendUDPData
 .text.AT_CheckUDPReceived
                0x08000864      0x100 obj\release\board_support\at_cmd_support.o
                0x08000864                AT_CheckUDPReceived
 .text.AT_CheckNIDDReceived
                0x08000964       0xb8 obj\release\board_support\at_cmd_support.o
                0x08000964                AT_CheckNIDDReceived
 .text.AT_ReadUDPData
                0x08000a1c      0x1d0 obj\release\board_support\at_cmd_support.o
                0x08000a1c                AT_ReadUDPData
 .text.AT_GetRSSI
                0x08000bec       0x90 obj\release\board_support\at_cmd_support.o
                0x08000bec                AT_GetRSSI
 .text.AT_ReadICCID
                0x08000c7c       0x90 obj\release\board_support\at_cmd_support.o
                0x08000c7c                AT_ReadICCID
 .text.AT_ReadIMEI
                0x08000d0c       0x88 obj\release\board_support\at_cmd_support.o
                0x08000d0c                AT_ReadIMEI
 .text.AT_SendStringUsingNIDD
                0x08000d94       0x70 obj\release\board_support\at_cmd_support.o
                0x08000d94                AT_SendStringUsingNIDD
 .text.AT_IsRegistered
                0x08000e04       0x60 obj\release\board_support\at_cmd_support.o
                0x08000e04                AT_IsRegistered
 .text.AT_SwitchPSM
                0x08000e64       0x40 obj\release\board_support\at_cmd_support.o
                0x08000e64                AT_SwitchPSM
 .text.RTC_WKUP_IRQHandler
                0x08000ea4       0x34 obj\release\board_support\awu_api.o
                0x08000ea4                RTC_WKUP_IRQHandler
 .text.AWU_Init
                0x08000ed8       0xd8 obj\release\board_support\awu_api.o
                0x08000ed8                AWU_Init
 .text.AWU_GoStop
                0x08000fb0       0x88 obj\release\board_support\awu_api.o
                0x08000fb0                AWU_GoStop
 .text._write   0x08001038       0x20 obj\release\board_support\board_support_api.o
                0x08001038                _write
 .text._read    0x08001058       0x20 obj\release\board_support\board_support_api.o
                0x08001058                _read
 .text.TIM9_IRQHandler
                0x08001078       0x7c obj\release\board_support\board_support_api.o
                0x08001078                TIM9_IRQHandler
 .text.get_uptime_ms
                0x080010f4        0xc obj\release\board_support\board_support_api.o
                0x080010f4                get_uptime_ms
 .text.delay_ms
                0x08001100       0x14 obj\release\board_support\board_support_api.o
                0x08001100                delay_ms
 .text.switch_LED
                0x08001114       0x14 obj\release\board_support\board_support_api.o
                0x08001114                switch_LED
 .text.SARA_R410_PWR_ON_pulse
                0x08001128       0x34 obj\release\board_support\board_support_api.o
                0x08001128                SARA_R410_PWR_ON_pulse
 .text.store_device_settings
                0x0800115c       0x68 obj\release\board_support\board_support_api.o
                0x0800115c                store_device_settings
 .text.recall_device_settings
                0x080011c4       0x10 obj\release\board_support\board_support_api.o
                0x080011c4                recall_device_settings
 .text.apply_backspace
                0x080011d4       0x4c obj\release\board_support\board_support_api.o
                0x080011d4                apply_backspace
 .text.init_board
                0x08001220      0x290 obj\release\board_support\board_support_api.o
                0x08001220                init_board
 .text.DS1721_StartConversion
                0x080014b0       0x1c obj\release\board_support\ds1721_driver.o
                0x080014b0                DS1721_StartConversion
 .text.DS1721_ReadTemperature
                0x080014cc       0x30 obj\release\board_support\ds1721_driver.o
                0x080014cc                DS1721_ReadTemperature
 .text.USART2_IRQHandler
                0x080014fc       0xf4 obj\release\board_support\gnss_support.o
                0x080014fc                USART2_IRQHandler
 .text.GNSS_ReadLocationData
                0x080015f0       0x5c obj\release\board_support\gnss_support.o
                0x080015f0                GNSS_ReadLocationData
 .text.i2c_read_with_pointer
                0x0800164c      0x328 obj\release\board_support\i2c_api.o
                0x0800164c                i2c_read_with_pointer
 .text.i2c_write_with_pointer
                0x08001974      0x148 obj\release\board_support\i2c_api.o
                0x08001974                i2c_write_with_pointer
 .text.init_i2c
                0x08001abc       0x2c obj\release\board_support\i2c_api.o
                0x08001abc                init_i2c
 .text.LIS3DH_ReadSignature
                0x08001ae8       0x24 obj\release\board_support\lis3dh_driver.o
                0x08001ae8                LIS3DH_ReadSignature
 .text.LIS3DH_EnableXYZ
                0x08001b0c       0x54 obj\release\board_support\lis3dh_driver.o
                0x08001b0c                LIS3DH_EnableXYZ
 .text.LIS3DH_ReadXYZ
                0x08001b60       0x7c obj\release\board_support\lis3dh_driver.o
                0x08001b60                LIS3DH_ReadXYZ
 .text.set_cursor_XY
                0x08001bdc       0x28 obj\release\board_support\menu_engine.o
                0x08001bdc                set_cursor_XY
 .text.draw_menu_items
                0x08001c04      0x1dc obj\release\board_support\menu_engine.o
                0x08001c04                draw_menu_items
 .text.draw_menu_header
                0x08001de0       0x60 obj\release\board_support\menu_engine.o
                0x08001de0                draw_menu_header
 .text.service_menu_v2
                0x08001e40      0x1fc obj\release\board_support\menu_engine.o
                0x08001e40                service_menu_v2
 .text.service_menu
                0x0800203c      0x234 obj\release\board_support\menu_engine.o
                0x0800203c                service_menu
 .text.perform_system_reset
                0x08002270       0x20 obj\release\board_support\menu_handlers.o
                0x08002270                perform_system_reset
 .text.true_direct_mode
                0x08002290       0x70 obj\release\board_support\menu_handlers.o
                0x08002290                true_direct_mode
 .text.show_menu_v2_help
                0x08002300       0x1c obj\release\board_support\menu_handlers.o
                0x08002300                show_menu_v2_help
 .text.set_target_URL
                0x0800231c       0x64 obj\release\board_support\menu_handlers.o
                0x0800231c                set_target_URL
 .text.set_server_port
                0x08002380       0x34 obj\release\board_support\menu_handlers.o
                0x08002380                set_server_port
 .text.set_telemetry_interval
                0x080023b4       0x60 obj\release\board_support\menu_handlers.o
                0x080023b4                set_telemetry_interval
 .text.set_GNSS_privacy
                0x08002414       0x40 obj\release\board_support\menu_handlers.o
                0x08002414                set_GNSS_privacy
 .text.set_startup_mode
                0x08002454       0x54 obj\release\board_support\menu_handlers.o
                0x08002454                set_startup_mode
 .text.set_menu_version
                0x080024a8       0x74 obj\release\board_support\menu_handlers.o
                0x080024a8                set_menu_version
 .text.set_NIDD_APN
                0x0800251c       0xfc obj\release\board_support\menu_handlers.o
                0x0800251c                set_NIDD_APN
 .text.test_transmit_telemetry
                0x08002618       0x88 obj\release\board_support\menu_handlers.o
                0x08002618                test_transmit_telemetry
 .text.test_sensors
                0x080026a0       0xc4 obj\release\board_support\menu_handlers.o
                0x080026a0                test_sensors
 .text.test_function
                0x08002764        0xc obj\release\board_support\menu_handlers.o
                0x08002764                test_function
 .text.show_EEPROM_settings
                0x08002770       0xf8 obj\release\board_support\menu_handlers.o
                0x08002770                show_EEPROM_settings
 .text.execute_AT_command
                0x08002868       0x74 obj\release\board_support\menu_handlers.o
                0x08002868                execute_AT_command
 .text.set_server_IP
                0x080028dc       0xcc obj\release\board_support\menu_handlers.o
                0x080028dc                set_server_IP
 .text.direct_AT_mode
                0x080029a8       0xa4 obj\release\board_support\menu_handlers.o
                0x080029a8                direct_AT_mode
 .text.print_identification_data
                0x08002a4c       0xc4 obj\release\board_support\menu_handlers.o
                0x08002a4c                print_identification_data
 .text.wait_NIDD_URC
                0x08002b10       0xe0 obj\release\board_support\menu_handlers.o
                0x08002b10                wait_NIDD_URC
 .text.perform_RF_module_reset
                0x08002bf0        0xc obj\release\board_support\menu_handlers.o
                0x08002bf0                perform_RF_module_reset
 .text.perform_initial_setup
                0x08002bfc      0x39c obj\release\board_support\menu_handlers.o
                0x08002bfc                perform_initial_setup
 .text.is_alphanumeric
                0x08002f98       0x1c obj\release\board_support\menu_handlers.o
                0x08002f98                is_alphanumeric
 .text.execute_AT_command_silent
                0x08002fb4       0x34 obj\release\board_support\menu_handlers.o
                0x08002fb4                execute_AT_command_silent
 .text.print_network_info
                0x08002fe8      0x23c obj\release\board_support\menu_handlers.o
                0x08002fe8                print_network_info
 .text.wait_coap_server_response
                0x08003224      0x108 obj\release\board_support\menu_handlers.o
                0x08003224                wait_coap_server_response
 .text.test_CoAP_observe_function
                0x0800332c      0x140 obj\release\board_support\menu_handlers.o
                0x0800332c                test_CoAP_observe_function
 .text.UART_SendByte
                0x0800346c        0xc obj\release\board_support\uart_api.o
                0x0800346c                UART_SendByte
 .text.UART_SendString
                0x08003478       0x20 obj\release\board_support\uart_api.o
                0x08003478                UART_SendString
 .text.UART_WaitRxByte
                0x08003498        0xc obj\release\board_support\uart_api.o
                0x08003498                UART_WaitRxByte
 .text.init_uart
                0x080034a4       0x84 obj\release\board_support\uart_api.o
                0x080034a4                init_uart
 .text.CoAP_parse_message_header
                0x08003528       0x30 obj\release\coap\coap_essentials.o
                0x08003528                CoAP_parse_message_header
 .text.CoAP_parse_option
                0x08003558       0x8c obj\release\coap\coap_essentials.o
                0x08003558                CoAP_parse_option
 .text.CoAP_parse_message
                0x080035e4       0xac obj\release\coap\coap_essentials.o
                0x080035e4                CoAP_parse_message
 .text.CoAP_assemble_request_extended
                0x08003690      0x194 obj\release\coap\coap_essentials.o
                0x08003690                CoAP_assemble_request_extended
 .text.SARA_init
                0x08003824      0x2c4 obj\release\src\main.o
                0x08003824                SARA_init
 .text.NMEA_to_LatLon
                0x08003ae8      0x144 obj\release\src\main.o
                0x08003ae8                NMEA_to_LatLon
 *fill*         0x08003c2c        0x4 
 .text.transmit_telemetry
                0x08003c30      0x464 obj\release\src\main.o
                0x08003c30                transmit_telemetry
 .text.startup.main
                0x08004094      0x228 obj\release\src\main.o
                0x08004094                main
 .text          0x080042bc       0xcc obj\release\src\startup_stm32l1xx_hd.o
                0x080042bc                Reset_Handler
                0x080042fa                NMI_Handler
                0x080042fc                HardFault_Handler
                0x080042fe                MemManage_Handler
                0x08004300                BusFault_Handler
                0x08004302                UsageFault_Handler
                0x08004304                SVC_Handler
                0x08004306                DebugMon_Handler
                0x08004308                PendSV_Handler
                0x0800430a                SysTick_Handler
                0x0800430c                Default_Handler
                0x0800430e                WWDG_IRQHandler
                0x08004310                PVD_IRQHandler
                0x08004312                TAMPER_STAMP_IRQHandler
                0x08004316                FLASH_IRQHandler
                0x08004318                RCC_IRQHandler
                0x0800431a                EXTI0_IRQHandler
                0x0800431c                EXTI1_IRQHandler
                0x0800431e                EXTI2_IRQHandler
                0x08004320                EXTI3_IRQHandler
                0x08004322                EXTI4_IRQHandler
                0x08004324                DMA1_Channel1_IRQHandler
                0x08004326                DMA1_Channel2_IRQHandler
                0x08004328                DMA1_Channel3_IRQHandler
                0x0800432a                DMA1_Channel4_IRQHandler
                0x0800432c                DMA1_Channel5_IRQHandler
                0x0800432e                DMA1_Channel6_IRQHandler
                0x08004330                DMA1_Channel7_IRQHandler
                0x08004332                ADC1_IRQHandler
                0x08004334                USB_HP_IRQHandler
                0x08004336                USB_LP_IRQHandler
                0x08004338                DAC_IRQHandler
                0x0800433a                COMP_IRQHandler
                0x0800433c                EXTI9_5_IRQHandler
                0x0800433e                LCD_IRQHandler
                0x08004342                TIM10_IRQHandler
                0x08004344                TIM11_IRQHandler
                0x08004346                TIM2_IRQHandler
                0x08004348                TIM3_IRQHandler
                0x0800434a                TIM4_IRQHandler
                0x0800434c                I2C1_EV_IRQHandler
                0x0800434e                I2C1_ER_IRQHandler
                0x08004350                I2C2_EV_IRQHandler
                0x08004352                I2C2_ER_IRQHandler
                0x08004354                SPI1_IRQHandler
                0x08004356                SPI2_IRQHandler
                0x08004358                USART1_IRQHandler
                0x0800435e                EXTI15_10_IRQHandler
                0x08004360                RTC_Alarm_IRQHandler
                0x08004362                USB_FS_WKUP_IRQHandler
                0x08004364                TIM6_IRQHandler
                0x08004366                TIM7_IRQHandler
                0x08004368                SDIO_IRQHandler
                0x0800436a                TIM5_IRQHandler
                0x0800436c                SPI3_IRQHandler
                0x0800436e                UART4_IRQHandler
                0x08004370                UART5_IRQHandler
                0x08004372                DMA2_Channel1_IRQHandler
                0x08004374                DMA2_Channel2_IRQHandler
                0x08004376                DMA2_Channel3_IRQHandler
                0x08004378                DMA2_Channel4_IRQHandler
                0x0800437a                DMA2_Channel5_IRQHandler
                0x0800437c                AES_IRQHandler
                0x0800437e                COMP_ACQ_IRQHandler
 .text          0x08004388      0x370 c:/program files (x86)/embitz/1.11/share/em_armgcc/bin/../lib/gcc/arm-none-eabi/5.4.1/armv7-m\libgcc.a(_arm_addsubdf3.o)
                0x08004388                __aeabi_drsub
                0x08004390                __aeabi_dsub
                0x08004390                __subdf3
                0x08004394                __aeabi_dadd
                0x08004394                __adddf3
                0x0800460c                __floatunsidf
                0x0800460c                __aeabi_ui2d
                0x0800462c                __floatsidf
                0x0800462c                __aeabi_i2d
                0x08004650                __aeabi_f2d
                0x08004650                __extendsfdf2
                0x0800468c                __floatundidf
                0x0800468c                __aeabi_ul2d
                0x0800469c                __floatdidf
                0x0800469c                __aeabi_l2d
 .text          0x080046f8      0x424 c:/program files (x86)/embitz/1.11/share/em_armgcc/bin/../lib/gcc/arm-none-eabi/5.4.1/armv7-m\libgcc.a(_arm_muldivdf3.o)
                0x080046f8                __aeabi_dmul
                0x080046f8                __muldf3
                0x0800494c                __divdf3
                0x0800494c                __aeabi_ddiv
 .text          0x08004b1c       0x40 c:/program files (x86)/embitz/1.11/share/em_armgcc/bin/../lib/gcc/arm-none-eabi/5.4.1/armv7-m\libgcc.a(_arm_fixunsdfsi.o)
                0x08004b1c                __aeabi_d2uiz
                0x08004b1c                __fixunsdfsi
 .text          0x08004b5c       0xa0 c:/program files (x86)/embitz/1.11/share/em_armgcc/bin/../lib/gcc/arm-none-eabi/5.4.1/armv7-m\libgcc.a(_arm_truncdfsf2.o)
                0x08004b5c                __truncdfsf2
                0x08004b5c                __aeabi_d2f
 .text          0x08004bfc      0x21c c:/program files (x86)/embitz/1.11/share/em_armgcc/bin/../lib/gcc/arm-none-eabi/5.4.1/armv7-m\libgcc.a(_arm_addsubsf3.o)
                0x08004bfc                __aeabi_frsub
                0x08004c04                __subsf3
                0x08004c04                __aeabi_fsub
                0x08004c08                __aeabi_fadd
                0x08004c08                __addsf3
                0x08004d68                __aeabi_ui2f
                0x08004d68                __floatunsisf
                0x08004d70                __aeabi_i2f
                0x08004d70                __floatsisf
                0x08004d8c                __aeabi_ul2f
                0x08004d8c                __floatundisf
                0x08004d9c                __aeabi_l2f
                0x08004d9c                __floatdisf
 .text          0x08004e18       0x40 c:/program files (x86)/embitz/1.11/share/em_armgcc/bin/../lib/gcc/arm-none-eabi/5.4.1/armv7-m\libgcc.a(_arm_fixunssfsi.o)
                0x08004e18                __fixunssfsi
                0x08004e18                __aeabi_f2uiz
 .text.atof     0x08004e58        0x6 c:/program files (x86)/embitz/1.11/share/em_armgcc/bin/../lib/gcc/arm-none-eabi/5.4.1/../../../../arm-none-eabi/lib/armv7-m\libg_n.a(lib_a-atof.o)
                0x08004e58                atof
 .text.atoi     0x08004e5e        0x8 c:/program files (x86)/embitz/1.11/share/em_armgcc/bin/../lib/gcc/arm-none-eabi/5.4.1/../../../../arm-none-eabi/lib/armv7-m\libg_n.a(lib_a-atoi.o)
                0x08004e5e                atoi
 *fill*         0x08004e66        0x2 
 .text.exit     0x08004e68       0x28 c:/program files (x86)/embitz/1.11/share/em_armgcc/bin/../lib/gcc/arm-none-eabi/5.4.1/../../../../arm-none-eabi/lib/armv7-m\libg_n.a(lib_a-exit.o)
                0x08004e68                exit
 .text.__libc_init_array
                0x08004e90       0x4c c:/program files (x86)/embitz/1.11/share/em_armgcc/bin/../lib/gcc/arm-none-eabi/5.4.1/../../../../arm-none-eabi/lib/armv7-m\libg_n.a(lib_a-init.o)
                0x08004e90                __libc_init_array
 .text.memcpy   0x08004edc       0x16 c:/program files (x86)/embitz/1.11/share/em_armgcc/bin/../lib/gcc/arm-none-eabi/5.4.1/../../../../arm-none-eabi/lib/armv7-m\libg_n.a(lib_a-memcpy-stub.o)
                0x08004edc                memcpy
 .text.memset   0x08004ef2       0x10 c:/program files (x86)/embitz/1.11/share/em_armgcc/bin/../lib/gcc/arm-none-eabi/5.4.1/../../../../arm-none-eabi/lib/armv7-m\libg_n.a(lib_a-memset.o)
                0x08004ef2                memset
 .text.__cvt    0x08004f02       0xc0 c:/program files (x86)/embitz/1.11/share/em_armgcc/bin/../lib/gcc/arm-none-eabi/5.4.1/../../../../arm-none-eabi/lib/armv7-m\libg_n.a(lib_a-nano-vfprintf_float.o)
                0x08004f02                __cvt
 .text.__exponent
                0x08004fc2       0x62 c:/program files (x86)/embitz/1.11/share/em_armgcc/bin/../lib/gcc/arm-none-eabi/5.4.1/../../../../arm-none-eabi/lib/armv7-m\libg_n.a(lib_a-nano-vfprintf_float.o)
                0x08004fc2                __exponent
 .text._printf_float
                0x08005024      0x488 c:/program files (x86)/embitz/1.11/share/em_armgcc/bin/../lib/gcc/arm-none-eabi/5.4.1/../../../../arm-none-eabi/lib/armv7-m\libg_n.a(lib_a-nano-vfprintf_float.o)
                0x08005024                _printf_float
 .text._printf_common
                0x080054ac       0xec c:/program files (x86)/embitz/1.11/share/em_armgcc/bin/../lib/gcc/arm-none-eabi/5.4.1/../../../../arm-none-eabi/lib/armv7-m\libg_n.a(lib_a-nano-vfprintf_i.o)
                0x080054ac                _printf_common
 .text._printf_i
                0x08005598      0x24c c:/program files (x86)/embitz/1.11/share/em_armgcc/bin/../lib/gcc/arm-none-eabi/5.4.1/../../../../arm-none-eabi/lib/armv7-m\libg_n.a(lib_a-nano-vfprintf_i.o)
                0x08005598                _printf_i
 .text.printf   0x080057e4       0x30 c:/program files (x86)/embitz/1.11/share/em_armgcc/bin/../lib/gcc/arm-none-eabi/5.4.1/../../../../arm-none-eabi/lib/armv7-m\libg_n.a(lib_a-printf.o)
                0x080057e4                iprintf
                0x080057e4                printf
 .text.putchar  0x08005814       0x28 c:/program files (x86)/embitz/1.11/share/em_armgcc/bin/../lib/gcc/arm-none-eabi/5.4.1/../../../../arm-none-eabi/lib/armv7-m\libg_n.a(lib_a-putchar.o)
                0x08005814                putchar
 .text._puts_r  0x0800583c       0xb4 c:/program files (x86)/embitz/1.11/share/em_armgcc/bin/../lib/gcc/arm-none-eabi/5.4.1/../../../../arm-none-eabi/lib/armv7-m\libg_n.a(lib_a-puts.o)
                0x0800583c                _puts_r
 .text.puts     0x080058f0       0x10 c:/program files (x86)/embitz/1.11/share/em_armgcc/bin/../lib/gcc/arm-none-eabi/5.4.1/../../../../arm-none-eabi/lib/armv7-m\libg_n.a(lib_a-puts.o)
                0x080058f0                puts
 .text.__srget_r
                0x08005900       0x58 c:/program files (x86)/embitz/1.11/share/em_armgcc/bin/../lib/gcc/arm-none-eabi/5.4.1/../../../../arm-none-eabi/lib/armv7-m\libg_n.a(lib_a-rget.o)
                0x08005900                __srget_r
 .text.scanf    0x08005958       0x30 c:/program files (x86)/embitz/1.11/share/em_armgcc/bin/../lib/gcc/arm-none-eabi/5.4.1/../../../../arm-none-eabi/lib/armv7-m\libg_n.a(lib_a-scanf.o)
                0x08005958                scanf
                0x08005958                iscanf
 .text.setbuf   0x08005988       0x10 c:/program files (x86)/embitz/1.11/share/em_armgcc/bin/../lib/gcc/arm-none-eabi/5.4.1/../../../../arm-none-eabi/lib/armv7-m\libg_n.a(lib_a-setbuf.o)
                0x08005988                setbuf
 .text.setvbuf  0x08005998      0x154 c:/program files (x86)/embitz/1.11/share/em_armgcc/bin/../lib/gcc/arm-none-eabi/5.4.1/../../../../arm-none-eabi/lib/armv7-m\libg_n.a(lib_a-setvbuf.o)
                0x08005998                setvbuf
 .text.snprintf
                0x08005aec       0x64 c:/program files (x86)/embitz/1.11/share/em_armgcc/bin/../lib/gcc/arm-none-eabi/5.4.1/../../../../arm-none-eabi/lib/armv7-m\libg_n.a(lib_a-snprintf.o)
                0x08005aec                sniprintf
                0x08005aec                snprintf
 .text.sprintf  0x08005b50       0x48 c:/program files (x86)/embitz/1.11/share/em_armgcc/bin/../lib/gcc/arm-none-eabi/5.4.1/../../../../arm-none-eabi/lib/armv7-m\libg_n.a(lib_a-sprintf.o)
                0x08005b50                siprintf
                0x08005b50                sprintf
 .text.sscanf   0x08005b98       0x54 c:/program files (x86)/embitz/1.11/share/em_armgcc/bin/../lib/gcc/arm-none-eabi/5.4.1/../../../../arm-none-eabi/lib/armv7-m\libg_n.a(lib_a-sscanf.o)
                0x08005b98                siscanf
                0x08005b98                sscanf
 .text.__sread  0x08005bec       0x22 c:/program files (x86)/embitz/1.11/share/em_armgcc/bin/../lib/gcc/arm-none-eabi/5.4.1/../../../../arm-none-eabi/lib/armv7-m\libg_n.a(lib_a-stdio.o)
                0x08005bec                __sread
 .text.__seofread
                0x08005c0e        0x4 c:/program files (x86)/embitz/1.11/share/em_armgcc/bin/../lib/gcc/arm-none-eabi/5.4.1/../../../../arm-none-eabi/lib/armv7-m\libg_n.a(lib_a-stdio.o)
                0x08005c0e                __seofread
 .text.__swrite
                0x08005c12       0x38 c:/program files (x86)/embitz/1.11/share/em_armgcc/bin/../lib/gcc/arm-none-eabi/5.4.1/../../../../arm-none-eabi/lib/armv7-m\libg_n.a(lib_a-stdio.o)
                0x08005c12                __swrite
 .text.__sseek  0x08005c4a       0x24 c:/program files (x86)/embitz/1.11/share/em_armgcc/bin/../lib/gcc/arm-none-eabi/5.4.1/../../../../arm-none-eabi/lib/armv7-m\libg_n.a(lib_a-stdio.o)
                0x08005c4a                __sseek
 .text.__sclose
                0x08005c6e        0x8 c:/program files (x86)/embitz/1.11/share/em_armgcc/bin/../lib/gcc/arm-none-eabi/5.4.1/../../../../arm-none-eabi/lib/armv7-m\libg_n.a(lib_a-stdio.o)
                0x08005c6e                __sclose
 .text          0x08005c76       0x14 c:/program files (x86)/embitz/1.11/share/em_armgcc/bin/../lib/gcc/arm-none-eabi/5.4.1/../../../../arm-none-eabi/lib/armv7-m\libg_n.a(lib_a-strcmp.o)
                0x08005c76                strcmp
 .text.strcpy   0x08005c8a       0x10 c:/program files (x86)/embitz/1.11/share/em_armgcc/bin/../lib/gcc/arm-none-eabi/5.4.1/../../../../arm-none-eabi/lib/armv7-m\libg_n.a(lib_a-strcpy.o)
                0x08005c8a                strcpy
 .text          0x08005c9a       0x10 c:/program files (x86)/embitz/1.11/share/em_armgcc/bin/../lib/gcc/arm-none-eabi/5.4.1/../../../../arm-none-eabi/lib/armv7-m\libg_n.a(lib_a-strlen.o)
                0x08005c9a                strlen
 .text.strncpy  0x08005caa       0x26 c:/program files (x86)/embitz/1.11/share/em_armgcc/bin/../lib/gcc/arm-none-eabi/5.4.1/../../../../arm-none-eabi/lib/armv7-m\libg_n.a(lib_a-strncpy.o)
                0x08005caa                strncpy
 .text.strstr   0x08005cd0       0x34 c:/program files (x86)/embitz/1.11/share/em_armgcc/bin/../lib/gcc/arm-none-eabi/5.4.1/../../../../arm-none-eabi/lib/armv7-m\libg_n.a(lib_a-strstr.o)
                0x08005cd0                strstr
 .text.sulp     0x08005d04       0x42 c:/program files (x86)/embitz/1.11/share/em_armgcc/bin/../lib/gcc/arm-none-eabi/5.4.1/../../../../arm-none-eabi/lib/armv7-m\libg_n.a(lib_a-strtod.o)
 *fill*         0x08005d46        0x2 
 .text._strtod_r
                0x08005d48      0xc00 c:/program files (x86)/embitz/1.11/share/em_armgcc/bin/../lib/gcc/arm-none-eabi/5.4.1/../../../../arm-none-eabi/lib/armv7-m\libg_n.a(lib_a-strtod.o)
                0x08005d48                _strtod_r
 .text.strtod   0x08006948       0x10 c:/program files (x86)/embitz/1.11/share/em_armgcc/bin/../lib/gcc/arm-none-eabi/5.4.1/../../../../arm-none-eabi/lib/armv7-m\libg_n.a(lib_a-strtod.o)
                0x08006948                strtod
 .text.strtok   0x08006958       0x64 c:/program files (x86)/embitz/1.11/share/em_armgcc/bin/../lib/gcc/arm-none-eabi/5.4.1/../../../../arm-none-eabi/lib/armv7-m\libg_n.a(lib_a-strtok.o)
                0x08006958                strtok
 .text.__strtok_r
                0x080069bc       0x56 c:/program files (x86)/embitz/1.11/share/em_armgcc/bin/../lib/gcc/arm-none-eabi/5.4.1/../../../../arm-none-eabi/lib/armv7-m\libg_n.a(lib_a-strtok_r.o)
                0x080069bc                __strtok_r
 *fill*         0x08006a12        0x2 
 .text._strtol_r
                0x08006a14      0x10c c:/program files (x86)/embitz/1.11/share/em_armgcc/bin/../lib/gcc/arm-none-eabi/5.4.1/../../../../arm-none-eabi/lib/armv7-m\libg_n.a(lib_a-strtol.o)
                0x08006a14                _strtol_r
 .text.strtol   0x08006b20       0x14 c:/program files (x86)/embitz/1.11/share/em_armgcc/bin/../lib/gcc/arm-none-eabi/5.4.1/../../../../arm-none-eabi/lib/armv7-m\libg_n.a(lib_a-strtol.o)
                0x08006b20                strtol
 .text.__swbuf_r
                0x08006b34       0xa8 c:/program files (x86)/embitz/1.11/share/em_armgcc/bin/../lib/gcc/arm-none-eabi/5.4.1/../../../../arm-none-eabi/lib/armv7-m\libg_n.a(lib_a-wbuf.o)
                0x08006b34                __swbuf_r
 .text._write_r
                0x08006bdc       0x24 c:/program files (x86)/embitz/1.11/share/em_armgcc/bin/../lib/gcc/arm-none-eabi/5.4.1/../../../../arm-none-eabi/lib/armv7-m\libg_n.a(lib_a-writer.o)
                0x08006bdc                _write_r
 .text.__swsetup_r
                0x08006c00       0xdc c:/program files (x86)/embitz/1.11/share/em_armgcc/bin/../lib/gcc/arm-none-eabi/5.4.1/../../../../arm-none-eabi/lib/armv7-m\libg_n.a(lib_a-wsetup.o)
                0x08006c00                __swsetup_r
 .text._close_r
                0x08006cdc       0x20 c:/program files (x86)/embitz/1.11/share/em_armgcc/bin/../lib/gcc/arm-none-eabi/5.4.1/../../../../arm-none-eabi/lib/armv7-m\libg_n.a(lib_a-closer.o)
                0x08006cdc                _close_r
 .text.quorem   0x08006cfc      0x116 c:/program files (x86)/embitz/1.11/share/em_armgcc/bin/../lib/gcc/arm-none-eabi/5.4.1/../../../../arm-none-eabi/lib/armv7-m\libg_n.a(lib_a-dtoa.o)
 *fill*         0x08006e12        0x6 
 .text._dtoa_r  0x08006e18      0xb30 c:/program files (x86)/embitz/1.11/share/em_armgcc/bin/../lib/gcc/arm-none-eabi/5.4.1/../../../../arm-none-eabi/lib/armv7-m\libg_n.a(lib_a-dtoa.o)
                0x08006e18                _dtoa_r
 .text.__sflush_r
                0x08007948      0x10c c:/program files (x86)/embitz/1.11/share/em_armgcc/bin/../lib/gcc/arm-none-eabi/5.4.1/../../../../arm-none-eabi/lib/armv7-m\libg_n.a(lib_a-fflush.o)
                0x08007948                __sflush_r
 .text._fflush_r
                0x08007a54       0x54 c:/program files (x86)/embitz/1.11/share/em_armgcc/bin/../lib/gcc/arm-none-eabi/5.4.1/../../../../arm-none-eabi/lib/armv7-m\libg_n.a(lib_a-fflush.o)
                0x08007a54                _fflush_r
 .text.fflush   0x08007aa8       0x24 c:/program files (x86)/embitz/1.11/share/em_armgcc/bin/../lib/gcc/arm-none-eabi/5.4.1/../../../../arm-none-eabi/lib/armv7-m\libg_n.a(lib_a-fflush.o)
                0x08007aa8                fflush
 .text._cleanup_r
                0x08007acc        0xc c:/program files (x86)/embitz/1.11/share/em_armgcc/bin/../lib/gcc/arm-none-eabi/5.4.1/../../../../arm-none-eabi/lib/armv7-m\libg_n.a(lib_a-findfp.o)
                0x08007acc                _cleanup_r
 .text.std.isra.0
                0x08007ad8       0x48 c:/program files (x86)/embitz/1.11/share/em_armgcc/bin/../lib/gcc/arm-none-eabi/5.4.1/../../../../arm-none-eabi/lib/armv7-m\libg_n.a(lib_a-findfp.o)
 .text.__sfmoreglue
                0x08007b20       0x2c c:/program files (x86)/embitz/1.11/share/em_armgcc/bin/../lib/gcc/arm-none-eabi/5.4.1/../../../../arm-none-eabi/lib/armv7-m\libg_n.a(lib_a-findfp.o)
                0x08007b20                __sfmoreglue
 .text.__sinit  0x08007b4c       0x60 c:/program files (x86)/embitz/1.11/share/em_armgcc/bin/../lib/gcc/arm-none-eabi/5.4.1/../../../../arm-none-eabi/lib/armv7-m\libg_n.a(lib_a-findfp.o)
                0x08007b4c                __sinit
 .text.__sfp    0x08007bac       0x78 c:/program files (x86)/embitz/1.11/share/em_armgcc/bin/../lib/gcc/arm-none-eabi/5.4.1/../../../../arm-none-eabi/lib/armv7-m\libg_n.a(lib_a-findfp.o)
                0x08007bac                __sfp
 .text._fwalk   0x08007c24       0x38 c:/program files (x86)/embitz/1.11/share/em_armgcc/bin/../lib/gcc/arm-none-eabi/5.4.1/../../../../arm-none-eabi/lib/armv7-m\libg_n.a(lib_a-fwalk.o)
                0x08007c24                _fwalk
 .text._fwalk_reent
                0x08007c5c       0x3c c:/program files (x86)/embitz/1.11/share/em_armgcc/bin/../lib/gcc/arm-none-eabi/5.4.1/../../../../arm-none-eabi/lib/armv7-m\libg_n.a(lib_a-fwalk.o)
                0x08007c5c                _fwalk_reent
 .text.rshift   0x08007c98       0x6c c:/program files (x86)/embitz/1.11/share/em_armgcc/bin/../lib/gcc/arm-none-eabi/5.4.1/../../../../arm-none-eabi/lib/armv7-m\libg_n.a(lib_a-gdtoa-gethex.o)
 .text.__hexdig_fun
                0x08007d04       0x2a c:/program files (x86)/embitz/1.11/share/em_armgcc/bin/../lib/gcc/arm-none-eabi/5.4.1/../../../../arm-none-eabi/lib/armv7-m\libg_n.a(lib_a-gdtoa-gethex.o)
                0x08007d04                __hexdig_fun
 .text.__gethex
                0x08007d2e      0x43e c:/program files (x86)/embitz/1.11/share/em_armgcc/bin/../lib/gcc/arm-none-eabi/5.4.1/../../../../arm-none-eabi/lib/armv7-m\libg_n.a(lib_a-gdtoa-gethex.o)
                0x08007d2e                __gethex
 .text.L_shift  0x0800816c       0x24 c:/program files (x86)/embitz/1.11/share/em_armgcc/bin/../lib/gcc/arm-none-eabi/5.4.1/../../../../arm-none-eabi/lib/armv7-m\libg_n.a(lib_a-gdtoa-hexnan.o)
 .text.__match  0x08008190       0x26 c:/program files (x86)/embitz/1.11/share/em_armgcc/bin/../lib/gcc/arm-none-eabi/5.4.1/../../../../arm-none-eabi/lib/armv7-m\libg_n.a(lib_a-gdtoa-hexnan.o)
                0x08008190                __match
 .text.__hexnan
                0x080081b6      0x11c c:/program files (x86)/embitz/1.11/share/em_armgcc/bin/../lib/gcc/arm-none-eabi/5.4.1/../../../../arm-none-eabi/lib/armv7-m\libg_n.a(lib_a-gdtoa-hexnan.o)
                0x080081b6                __hexnan
 *fill*         0x080082d2        0x2 
 .text._localeconv_r
                0x080082d4        0x8 c:/program files (x86)/embitz/1.11/share/em_armgcc/bin/../lib/gcc/arm-none-eabi/5.4.1/../../../../arm-none-eabi/lib/armv7-m\libg_n.a(lib_a-locale.o)
                0x080082d4                _localeconv_r
 .text._lseek_r
                0x080082dc       0x24 c:/program files (x86)/embitz/1.11/share/em_armgcc/bin/../lib/gcc/arm-none-eabi/5.4.1/../../../../arm-none-eabi/lib/armv7-m\libg_n.a(lib_a-lseekr.o)
                0x080082dc                _lseek_r
 .text.__swhatbuf_r
                0x08008300       0x46 c:/program files (x86)/embitz/1.11/share/em_armgcc/bin/../lib/gcc/arm-none-eabi/5.4.1/../../../../arm-none-eabi/lib/armv7-m\libg_n.a(lib_a-makebuf.o)
                0x08008300                __swhatbuf_r
 *fill*         0x08008346        0x2 
 .text.__smakebuf_r
                0x08008348       0x78 c:/program files (x86)/embitz/1.11/share/em_armgcc/bin/../lib/gcc/arm-none-eabi/5.4.1/../../../../arm-none-eabi/lib/armv7-m\libg_n.a(lib_a-makebuf.o)
                0x08008348                __smakebuf_r
 .text.malloc   0x080083c0       0x10 c:/program files (x86)/embitz/1.11/share/em_armgcc/bin/../lib/gcc/arm-none-eabi/5.4.1/../../../../arm-none-eabi/lib/armv7-m\libg_n.a(lib_a-malloc.o)
                0x080083c0                malloc
 .text.memchr   0x080083d0       0x1c c:/program files (x86)/embitz/1.11/share/em_armgcc/bin/../lib/gcc/arm-none-eabi/5.4.1/../../../../arm-none-eabi/lib/armv7-m\libg_n.a(lib_a-memchr-stub.o)
                0x080083d0                memchr
 .text._Balloc  0x080083ec       0x6a c:/program files (x86)/embitz/1.11/share/em_armgcc/bin/../lib/gcc/arm-none-eabi/5.4.1/../../../../arm-none-eabi/lib/armv7-m\libg_n.a(lib_a-mprec.o)
                0x080083ec                _Balloc
 .text._Bfree   0x08008456       0x2e c:/program files (x86)/embitz/1.11/share/em_armgcc/bin/../lib/gcc/arm-none-eabi/5.4.1/../../../../arm-none-eabi/lib/armv7-m\libg_n.a(lib_a-mprec.o)
                0x08008456                _Bfree
 .text.__multadd
                0x08008484       0x76 c:/program files (x86)/embitz/1.11/share/em_armgcc/bin/../lib/gcc/arm-none-eabi/5.4.1/../../../../arm-none-eabi/lib/armv7-m\libg_n.a(lib_a-mprec.o)
                0x08008484                __multadd
 .text.__s2b    0x080084fa       0x7c c:/program files (x86)/embitz/1.11/share/em_armgcc/bin/../lib/gcc/arm-none-eabi/5.4.1/../../../../arm-none-eabi/lib/armv7-m\libg_n.a(lib_a-mprec.o)
                0x080084fa                __s2b
 .text.__hi0bits
                0x08008576       0x40 c:/program files (x86)/embitz/1.11/share/em_armgcc/bin/../lib/gcc/arm-none-eabi/5.4.1/../../../../arm-none-eabi/lib/armv7-m\libg_n.a(lib_a-mprec.o)
                0x08008576                __hi0bits
 .text.__lo0bits
                0x080085b6       0x5a c:/program files (x86)/embitz/1.11/share/em_armgcc/bin/../lib/gcc/arm-none-eabi/5.4.1/../../../../arm-none-eabi/lib/armv7-m\libg_n.a(lib_a-mprec.o)
                0x080085b6                __lo0bits
 .text.__i2b    0x08008610       0x12 c:/program files (x86)/embitz/1.11/share/em_armgcc/bin/../lib/gcc/arm-none-eabi/5.4.1/../../../../arm-none-eabi/lib/armv7-m\libg_n.a(lib_a-mprec.o)
                0x08008610                __i2b
 .text.__multiply
                0x08008622      0x120 c:/program files (x86)/embitz/1.11/share/em_armgcc/bin/../lib/gcc/arm-none-eabi/5.4.1/../../../../arm-none-eabi/lib/armv7-m\libg_n.a(lib_a-mprec.o)
                0x08008622                __multiply
 *fill*         0x08008742        0x2 
 .text.__pow5mult
                0x08008744       0x9c c:/program files (x86)/embitz/1.11/share/em_armgcc/bin/../lib/gcc/arm-none-eabi/5.4.1/../../../../arm-none-eabi/lib/armv7-m\libg_n.a(lib_a-mprec.o)
                0x08008744                __pow5mult
 .text.__lshift
                0x080087e0       0xa2 c:/program files (x86)/embitz/1.11/share/em_armgcc/bin/../lib/gcc/arm-none-eabi/5.4.1/../../../../arm-none-eabi/lib/armv7-m\libg_n.a(lib_a-mprec.o)
                0x080087e0                __lshift
 .text.__mcmp   0x08008882       0x38 c:/program files (x86)/embitz/1.11/share/em_armgcc/bin/../lib/gcc/arm-none-eabi/5.4.1/../../../../arm-none-eabi/lib/armv7-m\libg_n.a(lib_a-mprec.o)
                0x08008882                __mcmp
 .text.__mdiff  0x080088ba       0xbe c:/program files (x86)/embitz/1.11/share/em_armgcc/bin/../lib/gcc/arm-none-eabi/5.4.1/../../../../arm-none-eabi/lib/armv7-m\libg_n.a(lib_a-mprec.o)
                0x080088ba                __mdiff
 .text.__ulp    0x08008978       0x48 c:/program files (x86)/embitz/1.11/share/em_armgcc/bin/../lib/gcc/arm-none-eabi/5.4.1/../../../../arm-none-eabi/lib/armv7-m\libg_n.a(lib_a-mprec.o)
                0x08008978                __ulp
 .text.__b2d    0x080089c0       0x9a c:/program files (x86)/embitz/1.11/share/em_armgcc/bin/../lib/gcc/arm-none-eabi/5.4.1/../../../../arm-none-eabi/lib/armv7-m\libg_n.a(lib_a-mprec.o)
                0x080089c0                __b2d
 .text.__d2b    0x08008a5a       0x9c c:/program files (x86)/embitz/1.11/share/em_armgcc/bin/../lib/gcc/arm-none-eabi/5.4.1/../../../../arm-none-eabi/lib/armv7-m\libg_n.a(lib_a-mprec.o)
                0x08008a5a                __d2b
 .text.__ratio  0x08008af6       0x50 c:/program files (x86)/embitz/1.11/share/em_armgcc/bin/../lib/gcc/arm-none-eabi/5.4.1/../../../../arm-none-eabi/lib/armv7-m\libg_n.a(lib_a-mprec.o)
                0x08008af6                __ratio
 .text.__copybits
                0x08008b46       0x34 c:/program files (x86)/embitz/1.11/share/em_armgcc/bin/../lib/gcc/arm-none-eabi/5.4.1/../../../../arm-none-eabi/lib/armv7-m\libg_n.a(lib_a-mprec.o)
                0x08008b46                __copybits
 .text.__any_on
                0x08008b7a       0x44 c:/program files (x86)/embitz/1.11/share/em_armgcc/bin/../lib/gcc/arm-none-eabi/5.4.1/../../../../arm-none-eabi/lib/armv7-m\libg_n.a(lib_a-mprec.o)
                0x08008b7a                __any_on
 .text._calloc_r
                0x08008bbe       0x1c c:/program files (x86)/embitz/1.11/share/em_armgcc/bin/../lib/gcc/arm-none-eabi/5.4.1/../../../../arm-none-eabi/lib/armv7-m\libg_n.a(lib_a-nano-callocr.o)
                0x08008bbe                _calloc_r
 *fill*         0x08008bda        0x2 
 .text._free_r  0x08008bdc       0x98 c:/program files (x86)/embitz/1.11/share/em_armgcc/bin/../lib/gcc/arm-none-eabi/5.4.1/../../../../arm-none-eabi/lib/armv7-m\libg_n.a(lib_a-nano-freer.o)
                0x08008bdc                _free_r
 .text._malloc_r
                0x08008c74       0xbc c:/program files (x86)/embitz/1.11/share/em_armgcc/bin/../lib/gcc/arm-none-eabi/5.4.1/../../../../arm-none-eabi/lib/armv7-m\libg_n.a(lib_a-nano-mallocr.o)
                0x08008c74                _malloc_r
 .text.__ssputs_r
                0x08008d30       0xb2 c:/program files (x86)/embitz/1.11/share/em_armgcc/bin/../lib/gcc/arm-none-eabi/5.4.1/../../../../arm-none-eabi/lib/armv7-m\libg_n.a(lib_a-nano-svfprintf.o)
                0x08008d30                __ssputs_r
 *fill*         0x08008de2        0x2 
 .text._svfprintf_r
                0x08008de4      0x1e8 c:/program files (x86)/embitz/1.11/share/em_armgcc/bin/../lib/gcc/arm-none-eabi/5.4.1/../../../../arm-none-eabi/lib/armv7-m\libg_n.a(lib_a-nano-svfprintf.o)
                0x08008de4                _svfiprintf_r
                0x08008de4                _svfprintf_r
 .text._sungetc_r
                0x08008fcc       0x7c c:/program files (x86)/embitz/1.11/share/em_armgcc/bin/../lib/gcc/arm-none-eabi/5.4.1/../../../../arm-none-eabi/lib/armv7-m\libg_n.a(lib_a-nano-svfscanf.o)
                0x08008fcc                _sungetc_r
 .text.__ssrefill_r
                0x08009048       0x3a c:/program files (x86)/embitz/1.11/share/em_armgcc/bin/../lib/gcc/arm-none-eabi/5.4.1/../../../../arm-none-eabi/lib/armv7-m\libg_n.a(lib_a-nano-svfscanf.o)
                0x08009048                __ssrefill_r
 *fill*         0x08009082        0x2 
 .text.__ssvfscanf_r
                0x08009084      0x2a8 c:/program files (x86)/embitz/1.11/share/em_armgcc/bin/../lib/gcc/arm-none-eabi/5.4.1/../../../../arm-none-eabi/lib/armv7-m\libg_n.a(lib_a-nano-svfscanf.o)
                0x08009084                __ssvfiscanf_r
                0x08009084                __ssvfscanf_r
 .text.__sfputc_r
                0x0800932c       0x2c c:/program files (x86)/embitz/1.11/share/em_armgcc/bin/../lib/gcc/arm-none-eabi/5.4.1/../../../../arm-none-eabi/lib/armv7-m\libg_n.a(lib_a-nano-vfprintf.o)
 .text.__sfputs_r
                0x08009358       0x24 c:/program files (x86)/embitz/1.11/share/em_armgcc/bin/../lib/gcc/arm-none-eabi/5.4.1/../../../../arm-none-eabi/lib/armv7-m\libg_n.a(lib_a-nano-vfprintf.o)
                0x08009358                __sfputs_r
 .text._vfprintf_r
                0x0800937c      0x238 c:/program files (x86)/embitz/1.11/share/em_armgcc/bin/../lib/gcc/arm-none-eabi/5.4.1/../../../../arm-none-eabi/lib/armv7-m\libg_n.a(lib_a-nano-vfprintf.o)
                0x0800937c                _vfprintf_r
                0x0800937c                _vfiprintf_r
 .text.__svfscanf_r
                0x080095b4      0x2a8 c:/program files (x86)/embitz/1.11/share/em_armgcc/bin/../lib/gcc/arm-none-eabi/5.4.1/../../../../arm-none-eabi/lib/armv7-m\libg_n.a(lib_a-nano-vfscanf.o)
                0x080095b4                __svfscanf_r
                0x080095b4                __svfiscanf_r
 .text._vfscanf_r
                0x0800985c       0x50 c:/program files (x86)/embitz/1.11/share/em_armgcc/bin/../lib/gcc/arm-none-eabi/5.4.1/../../../../arm-none-eabi/lib/armv7-m\libg_n.a(lib_a-nano-vfscanf.o)
                0x0800985c                _vfscanf_r
                0x0800985c                _vfiscanf_r
 .text._scanf_chars
                0x080098ac       0xcc c:/program files (x86)/embitz/1.11/share/em_armgcc/bin/../lib/gcc/arm-none-eabi/5.4.1/../../../../arm-none-eabi/lib/armv7-m\libg_n.a(lib_a-nano-vfscanf_i.o)
                0x080098ac                _scanf_chars
 .text._scanf_i
                0x08009978      0x1e4 c:/program files (x86)/embitz/1.11/share/em_armgcc/bin/../lib/gcc/arm-none-eabi/5.4.1/../../../../arm-none-eabi/lib/armv7-m\libg_n.a(lib_a-nano-vfscanf_i.o)
                0x08009978                _scanf_i
 .text._putc_r  0x08009b5c       0x6c c:/program files (x86)/embitz/1.11/share/em_armgcc/bin/../lib/gcc/arm-none-eabi/5.4.1/../../../../arm-none-eabi/lib/armv7-m\libg_n.a(lib_a-putc.o)
                0x08009b5c                _putc_r
 .text._read_r  0x08009bc8       0x24 c:/program files (x86)/embitz/1.11/share/em_armgcc/bin/../lib/gcc/arm-none-eabi/5.4.1/../../../../arm-none-eabi/lib/armv7-m\libg_n.a(lib_a-readr.o)
                0x08009bc8                _read_r
 .text.lflush   0x08009bec       0x12 c:/program files (x86)/embitz/1.11/share/em_armgcc/bin/../lib/gcc/arm-none-eabi/5.4.1/../../../../arm-none-eabi/lib/armv7-m\libg_n.a(lib_a-refill.o)
 *fill*         0x08009bfe        0x2 
 .text.__srefill_r
                0x08009c00      0x110 c:/program files (x86)/embitz/1.11/share/em_armgcc/bin/../lib/gcc/arm-none-eabi/5.4.1/../../../../arm-none-eabi/lib/armv7-m\libg_n.a(lib_a-refill.o)
                0x08009c00                __srefill_r
 .text._sbrk_r  0x08009d10       0x20 c:/program files (x86)/embitz/1.11/share/em_armgcc/bin/../lib/gcc/arm-none-eabi/5.4.1/../../../../arm-none-eabi/lib/armv7-m\libg_n.a(lib_a-sbrkr.o)
                0x08009d10                _sbrk_r
 .text.__sccl   0x08009d30       0x60 c:/program files (x86)/embitz/1.11/share/em_armgcc/bin/../lib/gcc/arm-none-eabi/5.4.1/../../../../arm-none-eabi/lib/armv7-m\libg_n.a(lib_a-sccl.o)
                0x08009d30                __sccl
 .text.strncmp  0x08009d90       0x2a c:/program files (x86)/embitz/1.11/share/em_armgcc/bin/../lib/gcc/arm-none-eabi/5.4.1/../../../../arm-none-eabi/lib/armv7-m\libg_n.a(lib_a-strncmp.o)
                0x08009d90                strncmp
 *fill*         0x08009dba        0x2 
 .text._strtoul_r
                0x08009dbc       0xfc c:/program files (x86)/embitz/1.11/share/em_armgcc/bin/../lib/gcc/arm-none-eabi/5.4.1/../../../../arm-none-eabi/lib/armv7-m\libg_n.a(lib_a-strtoul.o)
                0x08009dbc                _strtoul_r
 .text.__submore
                0x08009eb8       0x72 c:/program files (x86)/embitz/1.11/share/em_armgcc/bin/../lib/gcc/arm-none-eabi/5.4.1/../../../../arm-none-eabi/lib/armv7-m\libg_n.a(lib_a-ungetc.o)
                0x08009eb8                __submore
 *fill*         0x08009f2a        0x2 
 .text._ungetc_r
                0x08009f2c       0xe4 c:/program files (x86)/embitz/1.11/share/em_armgcc/bin/../lib/gcc/arm-none-eabi/5.4.1/../../../../arm-none-eabi/lib/armv7-m\libg_n.a(lib_a-ungetc.o)
                0x08009f2c                _ungetc_r
 .text._fstat_r
                0x0800a010       0x24 c:/program files (x86)/embitz/1.11/share/em_armgcc/bin/../lib/gcc/arm-none-eabi/5.4.1/../../../../arm-none-eabi/lib/armv7-m\libg_n.a(lib_a-fstatr.o)
                0x0800a010                _fstat_r
 .text._isatty_r
                0x0800a034       0x20 c:/program files (x86)/embitz/1.11/share/em_armgcc/bin/../lib/gcc/arm-none-eabi/5.4.1/../../../../arm-none-eabi/lib/armv7-m\libg_n.a(lib_a-isattyr.o)
                0x0800a034                _isatty_r
 .text.memmove  0x0800a054       0x36 c:/program files (x86)/embitz/1.11/share/em_armgcc/bin/../lib/gcc/arm-none-eabi/5.4.1/../../../../arm-none-eabi/lib/armv7-m\libg_n.a(lib_a-memmove.o)
                0x0800a054                memmove
 .text.__malloc_lock
                0x0800a08a        0x2 c:/program files (x86)/embitz/1.11/share/em_armgcc/bin/../lib/gcc/arm-none-eabi/5.4.1/../../../../arm-none-eabi/lib/armv7-m\libg_n.a(lib_a-mlock.o)
                0x0800a08a                __malloc_lock
 .text.__malloc_unlock
                0x0800a08c        0x2 c:/program files (x86)/embitz/1.11/share/em_armgcc/bin/../lib/gcc/arm-none-eabi/5.4.1/../../../../arm-none-eabi/lib/armv7-m\libg_n.a(lib_a-mlock.o)
                0x0800a08c                __malloc_unlock
 .text._realloc_r
                0x0800a08e       0x4c c:/program files (x86)/embitz/1.11/share/em_armgcc/bin/../lib/gcc/arm-none-eabi/5.4.1/../../../../arm-none-eabi/lib/armv7-m\libg_n.a(lib_a-nano-reallocr.o)
                0x0800a08e                _realloc_r
 .text._malloc_usable_size_r
                0x0800a0da       0x14 c:/program files (x86)/embitz/1.11/share/em_armgcc/bin/../lib/gcc/arm-none-eabi/5.4.1/../../../../arm-none-eabi/lib/armv7-m\libg_n.a(lib_a-nano-msizer.o)
                0x0800a0da                _malloc_usable_size_r
 *fill*         0x0800a0ee        0x2 
 .text          0x0800a0f0      0x110 c:/program files (x86)/embitz/1.11/share/em_armgcc/bin/../lib/gcc/arm-none-eabi/5.4.1/armv7-m\libgcc.a(_arm_cmpdf2.o)
                0x0800a0f0                __gtdf2
                0x0800a0f0                __gedf2
                0x0800a0f8                __ltdf2
                0x0800a0f8                __ledf2
                0x0800a100                __nedf2
                0x0800a100                __eqdf2
                0x0800a100                __cmpdf2
                0x0800a17c                __aeabi_cdrcmple
                0x0800a18c                __aeabi_cdcmpeq
                0x0800a18c                __aeabi_cdcmple
                0x0800a19c                __aeabi_dcmpeq
                0x0800a1b0                __aeabi_dcmplt
                0x0800a1c4                __aeabi_dcmple
                0x0800a1d8                __aeabi_dcmpge
                0x0800a1ec                __aeabi_dcmpgt
 .text          0x0800a200       0x2c c:/program files (x86)/embitz/1.11/share/em_armgcc/bin/../lib/gcc/arm-none-eabi/5.4.1/armv7-m\libgcc.a(_arm_unorddf2.o)
                0x0800a200                __unorddf2
                0x0800a200                __aeabi_dcmpun
 .text          0x0800a22c       0x50 c:/program files (x86)/embitz/1.11/share/em_armgcc/bin/../lib/gcc/arm-none-eabi/5.4.1/armv7-m\libgcc.a(_arm_fixdfsi.o)
                0x0800a22c                __aeabi_d2iz
                0x0800a22c                __fixdfsi
 .text._close   0x0800a27c       0x10 c:/program files (x86)/embitz/1.11/share/em_armgcc/bin/../lib/gcc/arm-none-eabi/5.4.1/../../../../arm-none-eabi/lib/armv7-m\libnosys_s.a(close.o)
                0x0800a27c                _close
 .text._fstat   0x0800a28c       0x10 c:/program files (x86)/embitz/1.11/share/em_armgcc/bin/../lib/gcc/arm-none-eabi/5.4.1/../../../../arm-none-eabi/lib/armv7-m\libnosys_s.a(fstat.o)
                0x0800a28c                _fstat
 .text._isatty  0x0800a29c       0x10 c:/program files (x86)/embitz/1.11/share/em_armgcc/bin/../lib/gcc/arm-none-eabi/5.4.1/../../../../arm-none-eabi/lib/armv7-m\libnosys_s.a(isatty.o)
                0x0800a29c                _isatty
 .text._lseek   0x0800a2ac       0x10 c:/program files (x86)/embitz/1.11/share/em_armgcc/bin/../lib/gcc/arm-none-eabi/5.4.1/../../../../arm-none-eabi/lib/armv7-m\libnosys_s.a(lseek.o)
                0x0800a2ac                _lseek
 .text._sbrk    0x0800a2bc       0x1c c:/program files (x86)/embitz/1.11/share/em_armgcc/bin/../lib/gcc/arm-none-eabi/5.4.1/../../../../arm-none-eabi/lib/armv7-m\libnosys_s.a(sbrk.o)
                0x0800a2bc                _sbrk
 .text._exit    0x0800a2d8        0x2 c:/program files (x86)/embitz/1.11/share/em_armgcc/bin/../lib/gcc/arm-none-eabi/5.4.1/../../../../arm-none-eabi/lib/armv7-m\libnosys_s.a(_exit.o)
                0x0800a2d8                _exit
 *(.init)
 *fill*         0x0800a2da        0x2 
 .init          0x0800a2dc        0x4 c:/program files (x86)/embitz/1.11/share/em_armgcc/bin/../lib/gcc/arm-none-eabi/5.4.1/armv7-m/crti.o
                0x0800a2dc                _init
 .init          0x0800a2e0        0x8 c:/program files (x86)/embitz/1.11/share/em_armgcc/bin/../lib/gcc/arm-none-eabi/5.4.1/armv7-m/crtn.o
 *(.fini)
 .fini          0x0800a2e8        0x4 c:/program files (x86)/embitz/1.11/share/em_armgcc/bin/../lib/gcc/arm-none-eabi/5.4.1/armv7-m/crti.o
                0x0800a2e8                _fini
 .fini          0x0800a2ec        0x8 c:/program files (x86)/embitz/1.11/share/em_armgcc/bin/../lib/gcc/arm-none-eabi/5.4.1/armv7-m/crtn.o
 *crtbegin.o(.ctors)
 *crtbegin?.o(.ctors)
 *(EXCLUDE_FILE(*crtend.o *crtend?.o) .ctors)
 *(SORT(.ctors.*))
 *(.ctors)
 *crtbegin.o(.dtors)
 *crtbegin?.o(.dtors)
 *(EXCLUDE_FILE(*crtend.o *crtend?.o) .dtors)
 *(SORT(.dtors.*))
 *(.dtors)
 *(.rodata*)
 .rodata        0x0800a2f4       0x10 obj\release\board_support\at_cmd_support.o
 .rodata.str1.4
                0x0800a304      0x15d obj\release\board_support\at_cmd_support.o
                                0x161 (size before relaxing)
 *fill*         0x0800a461        0x3 
 .rodata.resp_end_ERR
                0x0800a464        0x6 obj\release\board_support\at_cmd_support.o
 *fill*         0x0800a46a        0x2 
 .rodata.resp_end_OK
                0x0800a46c        0x3 obj\release\board_support\at_cmd_support.o
 *fill*         0x0800a46f        0x1 
 .rodata.str1.4
                0x0800a470       0xf4 obj\release\board_support\board_support_api.o
 .rodata.location_identifier
                0x0800a564        0x7 obj\release\board_support\gnss_support.o
                0x0800a564                location_identifier
 *fill*         0x0800a56b        0x1 
 .rodata.str1.4
                0x0800a56c      0x4fc obj\release\board_support\menu_engine.o
                                0x504 (size before relaxing)
 .rodata.inactive_menu_items
                0x0800aa68        0x6 obj\release\board_support\menu_engine.o
                0x0800aa68                inactive_menu_items
 *fill*         0x0800aa6e        0x2 
 .rodata        0x0800aa70        0x2 obj\release\board_support\menu_handlers.o
 *fill*         0x0800aa72        0x2 
 .rodata.str1.4
                0x0800aa74     0x1af0 obj\release\board_support\menu_handlers.o
                               0x1cf8 (size before relaxing)
 .rodata.menu_items
                0x0800c564       0xb8 obj\release\board_support\menu_handlers.o
                0x0800c564                menu_items
 .rodata.str1.4
                0x0800c61c      0xd58 obj\release\src\main.o
                                0xd81 (size before relaxing)
 .rodata.str1.1
                0x0800d374        0x2 c:/program files (x86)/embitz/1.11/share/em_armgcc/bin/../lib/gcc/arm-none-eabi/5.4.1/../../../../arm-none-eabi/lib/armv7-m\libg_n.a(lib_a-impure.o)
 *fill*         0x0800d376        0x2 
 .rodata._global_impure_ptr
                0x0800d378        0x4 c:/program files (x86)/embitz/1.11/share/em_armgcc/bin/../lib/gcc/arm-none-eabi/5.4.1/../../../../arm-none-eabi/lib/armv7-m\libg_n.a(lib_a-impure.o)
                0x0800d378                _global_impure_ptr
 .rodata.str1.1
                0x0800d37c       0x10 c:/program files (x86)/embitz/1.11/share/em_armgcc/bin/../lib/gcc/arm-none-eabi/5.4.1/../../../../arm-none-eabi/lib/armv7-m\libg_n.a(lib_a-nano-vfprintf_float.o)
                                 0x12 (size before relaxing)
 .rodata.str1.1
                0x0800d38c       0x22 c:/program files (x86)/embitz/1.11/share/em_armgcc/bin/../lib/gcc/arm-none-eabi/5.4.1/../../../../arm-none-eabi/lib/armv7-m\libg_n.a(lib_a-nano-vfprintf_i.o)
 *fill*         0x0800d3ae        0x2 
 .rodata.fpinan.5401
                0x0800d3b0       0x14 c:/program files (x86)/embitz/1.11/share/em_armgcc/bin/../lib/gcc/arm-none-eabi/5.4.1/../../../../arm-none-eabi/lib/armv7-m\libg_n.a(lib_a-strtod.o)
 .rodata.str1.1
                0x0800d3c4       0x22 c:/program files (x86)/embitz/1.11/share/em_armgcc/bin/../lib/gcc/arm-none-eabi/5.4.1/../../../../arm-none-eabi/lib/armv7-m\libg_n.a(lib_a-strtod.o)
                                  0xc (size before relaxing)
 .rodata.fpi.5365
                0x0800d3c4       0x14 c:/program files (x86)/embitz/1.11/share/em_armgcc/bin/../lib/gcc/arm-none-eabi/5.4.1/../../../../arm-none-eabi/lib/armv7-m\libg_n.a(lib_a-strtod.o)
 .rodata.tinytens
                0x0800d3d8       0x28 c:/program files (x86)/embitz/1.11/share/em_armgcc/bin/../lib/gcc/arm-none-eabi/5.4.1/../../../../arm-none-eabi/lib/armv7-m\libg_n.a(lib_a-strtod.o)
 .rodata._ctype_
                0x0800d400      0x101 c:/program files (x86)/embitz/1.11/share/em_armgcc/bin/../lib/gcc/arm-none-eabi/5.4.1/../../../../arm-none-eabi/lib/armv7-m\libg_n.a(lib_a-ctype_.o)
                0x0800d400                _ctype_
 .rodata.str1.1
                0x0800d501        0xd c:/program files (x86)/embitz/1.11/share/em_armgcc/bin/../lib/gcc/arm-none-eabi/5.4.1/../../../../arm-none-eabi/lib/armv7-m\libg_n.a(lib_a-dtoa.o)
                                  0xf (size before relaxing)
 *fill*         0x0800d50e        0x2 
 .rodata.__sf_fake_stdin
                0x0800d510       0x20 c:/program files (x86)/embitz/1.11/share/em_armgcc/bin/../lib/gcc/arm-none-eabi/5.4.1/../../../../arm-none-eabi/lib/armv7-m\libg_n.a(lib_a-findfp.o)
                0x0800d510                __sf_fake_stdin
 .rodata.__sf_fake_stdout
                0x0800d530       0x20 c:/program files (x86)/embitz/1.11/share/em_armgcc/bin/../lib/gcc/arm-none-eabi/5.4.1/../../../../arm-none-eabi/lib/armv7-m\libg_n.a(lib_a-findfp.o)
                0x0800d530                __sf_fake_stdout
 .rodata.__sf_fake_stderr
                0x0800d550       0x20 c:/program files (x86)/embitz/1.11/share/em_armgcc/bin/../lib/gcc/arm-none-eabi/5.4.1/../../../../arm-none-eabi/lib/armv7-m\libg_n.a(lib_a-findfp.o)
                0x0800d550                __sf_fake_stderr
 .rodata.str1.1
                0x0800d570        0x8 c:/program files (x86)/embitz/1.11/share/em_armgcc/bin/../lib/gcc/arm-none-eabi/5.4.1/../../../../arm-none-eabi/lib/armv7-m\libg_n.a(lib_a-locale.o)
                                  0xb (size before relaxing)
 .rodata.__mprec_tens
                0x0800d578       0xc8 c:/program files (x86)/embitz/1.11/share/em_armgcc/bin/../lib/gcc/arm-none-eabi/5.4.1/../../../../arm-none-eabi/lib/armv7-m\libg_n.a(lib_a-mprec.o)
                0x0800d578                __mprec_tens
 .rodata.p05.5408
                0x0800d640        0xc c:/program files (x86)/embitz/1.11/share/em_armgcc/bin/../lib/gcc/arm-none-eabi/5.4.1/../../../../arm-none-eabi/lib/armv7-m\libg_n.a(lib_a-mprec.o)
 *fill*         0x0800d64c        0x4 
 .rodata.__mprec_bigtens
                0x0800d650       0x28 c:/program files (x86)/embitz/1.11/share/em_armgcc/bin/../lib/gcc/arm-none-eabi/5.4.1/../../../../arm-none-eabi/lib/armv7-m\libg_n.a(lib_a-mprec.o)
                0x0800d650                __mprec_bigtens
 .rodata.str1.1
                0x0800d678       0x11 c:/program files (x86)/embitz/1.11/share/em_armgcc/bin/../lib/gcc/arm-none-eabi/5.4.1/../../../../arm-none-eabi/lib/armv7-m\libg_n.a(lib_a-nano-svfprintf.o)
 .rodata.str1.1
                0x0800d689        0x4 c:/program files (x86)/embitz/1.11/share/em_armgcc/bin/../lib/gcc/arm-none-eabi/5.4.1/../../../../arm-none-eabi/lib/armv7-m\libg_n.a(lib_a-nano-svfscanf.o)
 .rodata.str1.1
                0x0800d689       0x11 c:/program files (x86)/embitz/1.11/share/em_armgcc/bin/../lib/gcc/arm-none-eabi/5.4.1/../../../../arm-none-eabi/lib/armv7-m\libg_n.a(lib_a-nano-vfprintf.o)
 .rodata.str1.1
                0x0800d689        0x4 c:/program files (x86)/embitz/1.11/share/em_armgcc/bin/../lib/gcc/arm-none-eabi/5.4.1/../../../../arm-none-eabi/lib/armv7-m\libg_n.a(lib_a-nano-vfscanf.o)
 *fill*         0x0800d689        0x3 
 .rodata        0x0800d68c        0xc c:/program files (x86)/embitz/1.11/share/em_armgcc/bin/../lib/gcc/arm-none-eabi/5.4.1/../../../../arm-none-eabi/lib/armv7-m\libg_n.a(lib_a-nano-vfscanf_i.o)
 .rodata.str1.1
                0x0800d698       0x1b c:/program files (x86)/embitz/1.11/share/em_armgcc/bin/../lib/gcc/arm-none-eabi/5.4.1/../../../../arm-none-eabi/lib/armv7-m\libg_n.a(lib_a-nano-vfscanf_i.o)
 *(.eh_frame*)
 *fill*         0x0800d6b3        0x1 
 .eh_frame      0x0800d6b4        0x0 c:/program files (x86)/embitz/1.11/share/em_armgcc/bin/../lib/gcc/arm-none-eabi/5.4.1/armv7-m/crtbegin.o
 .eh_frame      0x0800d6b4        0x4 c:/program files (x86)/embitz/1.11/share/em_armgcc/bin/../lib/gcc/arm-none-eabi/5.4.1/armv7-m/crtend.o

.glue_7         0x0800d6b8        0x0
 .glue_7        0x0800d6b8        0x0 linker stubs

.glue_7t        0x0800d6b8        0x0
 .glue_7t       0x0800d6b8        0x0 linker stubs

.vfp11_veneer   0x0800d6b8        0x0
 .vfp11_veneer  0x0800d6b8        0x0 linker stubs

.v4_bx          0x0800d6b8        0x0
 .v4_bx         0x0800d6b8        0x0 linker stubs

.iplt           0x0800d6b8        0x0
 .iplt          0x0800d6b8        0x0 c:/program files (x86)/embitz/1.11/share/em_armgcc/bin/../lib/gcc/arm-none-eabi/5.4.1/armv7-m/crtbegin.o

.ARM.extab
 *(.ARM.extab* .gnu.linkonce.armextab.*)
                0x0800d6b8                __exidx_start = .

.ARM.exidx      0x0800d6b8        0x8
 *(.ARM.exidx* .gnu.linkonce.armexidx.*)
 .ARM.exidx     0x0800d6b8        0x8 c:/program files (x86)/embitz/1.11/share/em_armgcc/bin/../lib/gcc/arm-none-eabi/5.4.1/../../../../arm-none-eabi/lib/armv7-m/crt0.o
                0x0800d6c0                __exidx_end = .
                0x0800d6c0                __etext = .

.rel.dyn        0x0800d6c0        0x0
 .rel.iplt      0x0800d6c0        0x0 c:/program files (x86)/embitz/1.11/share/em_armgcc/bin/../lib/gcc/arm-none-eabi/5.4.1/armv7-m/crtbegin.o

.data           0x20000000      0x120 load address 0x0800d6c0
                0x20000000                __data_start__ = .
 *(vtable)
 *(.data*)
 .data.URC_search_list
                0x20000000       0x26 obj\release\board_support\at_cmd_support.o
                0x20000000                URC_search_list
 *fill*         0x20000026        0x2 
 .data.gnss_string.6898
                0x20000028       0x50 obj\release\src\main.o
 .data.impure_data
                0x20000078       0x60 c:/program files (x86)/embitz/1.11/share/em_armgcc/bin/../lib/gcc/arm-none-eabi/5.4.1/../../../../arm-none-eabi/lib/armv7-m\libg_n.a(lib_a-impure.o)
 .data._impure_ptr
                0x200000d8        0x4 c:/program files (x86)/embitz/1.11/share/em_armgcc/bin/../lib/gcc/arm-none-eabi/5.4.1/../../../../arm-none-eabi/lib/armv7-m\libg_n.a(lib_a-impure.o)
                0x200000d8                _impure_ptr
 .data.__ctype_ptr__
                0x200000dc        0x4 c:/program files (x86)/embitz/1.11/share/em_armgcc/bin/../lib/gcc/arm-none-eabi/5.4.1/../../../../arm-none-eabi/lib/armv7-m\libg_n.a(lib_a-ctype_.o)
                0x200000dc                __ctype_ptr__
 .data.lconv    0x200000e0       0x38 c:/program files (x86)/embitz/1.11/share/em_armgcc/bin/../lib/gcc/arm-none-eabi/5.4.1/../../../../arm-none-eabi/lib/armv7-m\libg_n.a(lib_a-locale.o)
                0x20000118                . = ALIGN (0x4)
                0x20000118                PROVIDE (__preinit_array_start, .)
 *(.preinit_array)
                0x20000118                PROVIDE (__preinit_array_end, .)
                0x20000118                . = ALIGN (0x4)
                0x20000118                PROVIDE (__init_array_start, .)
 *(SORT(.init_array.*))
 *(.init_array)
 .init_array    0x20000118        0x4 c:/program files (x86)/embitz/1.11/share/em_armgcc/bin/../lib/gcc/arm-none-eabi/5.4.1/armv7-m/crtbegin.o
                0x2000011c                PROVIDE (__init_array_end, .)
                0x2000011c                . = ALIGN (0x4)
                [!provide]                PROVIDE (__fini_array_start, .)
 *(SORT(.fini_array.*))
 *(.fini_array)
 .fini_array    0x2000011c        0x4 c:/program files (x86)/embitz/1.11/share/em_armgcc/bin/../lib/gcc/arm-none-eabi/5.4.1/armv7-m/crtbegin.o
                [!provide]                PROVIDE (__fini_array_end, .)
                0x20000120                . = ALIGN (0x4)
                0x20000120                __data_end__ = .

.jcr            0x20000120        0x0 load address 0x0800d7e0
 .jcr           0x20000120        0x0 c:/program files (x86)/embitz/1.11/share/em_armgcc/bin/../lib/gcc/arm-none-eabi/5.4.1/armv7-m/crtbegin.o

.igot.plt       0x20000120        0x0 load address 0x0800d7e0
 .igot.plt      0x20000120        0x0 c:/program files (x86)/embitz/1.11/share/em_armgcc/bin/../lib/gcc/arm-none-eabi/5.4.1/armv7-m/crtbegin.o

.bss            0x20000120     0x1368 load address 0x0800d7e0
                0x20000120                __bss_start__ = .
 *(.bss*)
 .bss           0x20000120       0x1c c:/program files (x86)/embitz/1.11/share/em_armgcc/bin/../lib/gcc/arm-none-eabi/5.4.1/armv7-m/crtbegin.o
 .bss.response_buffer
                0x2000013c      0x400 obj\release\board_support\at_cmd_support.o
 .bss.OK_index  0x2000053c        0x1 obj\release\board_support\at_cmd_support.o
 .bss.ERR_index
                0x2000053d        0x1 obj\release\board_support\at_cmd_support.o
 .bss.resp_buffer_overflow
                0x2000053e        0x1 obj\release\board_support\at_cmd_support.o
 *fill*         0x2000053f        0x1 
 .bss.buffer_index
                0x20000540        0x2 obj\release\board_support\at_cmd_support.o
 .bss.lock_buffer
                0x20000542        0x1 obj\release\board_support\at_cmd_support.o
 .bss.resp_buffer_overrun
                0x20000543        0x1 obj\release\board_support\at_cmd_support.o
 .bss.resp_received
                0x20000544        0x1 obj\release\board_support\at_cmd_support.o
 .bss.awu_initialized
                0x20000545        0x1 obj\release\board_support\awu_api.o
 *fill*         0x20000546        0x2 
 .bss.uptime_counter
                0x20000548        0x4 obj\release\board_support\board_support_api.o
                0x20000548                uptime_counter
 .bss.button_press_detected
                0x2000054c        0x1 obj\release\board_support\board_support_api.o
                0x2000054c                button_press_detected
 *fill*         0x2000054d        0x3 
 .bss.CYCLES_PER_1SEC
                0x20000550        0x4 obj\release\board_support\board_support_api.o
                0x20000550                CYCLES_PER_1SEC
 .bss.LSE_failed
                0x20000554        0x1 obj\release\board_support\board_support_api.o
                0x20000554                LSE_failed
 *fill*         0x20000555        0x3 
 .bss.button_press_counter
                0x20000558        0x4 obj\release\board_support\board_support_api.o
                0x20000558                button_press_counter
 .bss.gnss_data_buffer
                0x2000055c      0x400 obj\release\board_support\gnss_support.o
 .bss.id_index  0x2000095c        0x1 obj\release\board_support\gnss_support.o
 .bss.GNSS_location_found
                0x2000095d        0x1 obj\release\board_support\gnss_support.o
 .bss.buf_index
                0x2000095e        0x2 obj\release\board_support\gnss_support.o
 .bss.GNSS_location_stored
                0x20000960        0x1 obj\release\board_support\gnss_support.o
 *fill*         0x20000961        0x3 
 .bss.NIDD_data.6895
                0x20000964      0x200 obj\release\board_support\menu_handlers.o
 .bss.res_url.6955
                0x20000b64       0x50 obj\release\board_support\menu_handlers.o
 .bss.user_input
                0x20000bb4       0x50 obj\release\board_support\menu_handlers.o
 .bss.CoAP_msg.6956
                0x20000c04      0x17a obj\release\board_support\menu_handlers.o
 *fill*         0x20000d7e        0x2 
 .bss.resp_buffer.6876
                0x20000d80      0x200 obj\release\board_support\menu_handlers.o
 .bss.URI_copy  0x20000f80       0x80 obj\release\coap\coap_essentials.o
 .bss.URI_ptrs  0x20001000       0x28 obj\release\coap\coap_essentials.o
 .bss.message_ID_counter.4641
                0x20001028        0x1 obj\release\coap\coap_essentials.o
 *fill*         0x20001029        0x3 
 .bss.NIDD_response_data.6902
                0x2000102c      0x208 obj\release\src\main.o
 .bss.CoAP_msg_buffer.6887
                0x20001234      0x17a obj\release\src\main.o
 *fill*         0x200013ae        0x2 
 .bss.json_string.6885
                0x200013b0       0xc8 obj\release\src\main.o
 .bss.__malloc_sbrk_start
                0x20001478        0x4 c:/program files (x86)/embitz/1.11/share/em_armgcc/bin/../lib/gcc/arm-none-eabi/5.4.1/../../../../arm-none-eabi/lib/armv7-m\libg_n.a(lib_a-nano-mallocr.o)
                0x20001478                __malloc_sbrk_start
 .bss.__malloc_free_list
                0x2000147c        0x4 c:/program files (x86)/embitz/1.11/share/em_armgcc/bin/../lib/gcc/arm-none-eabi/5.4.1/../../../../arm-none-eabi/lib/armv7-m\libg_n.a(lib_a-nano-mallocr.o)
                0x2000147c                __malloc_free_list
 .bss.heap_end.4167
                0x20001480        0x4 c:/program files (x86)/embitz/1.11/share/em_armgcc/bin/../lib/gcc/arm-none-eabi/5.4.1/../../../../arm-none-eabi/lib/armv7-m\libnosys_s.a(sbrk.o)
 *(COMMON)
 COMMON         0x20001484        0x4 c:/program files (x86)/embitz/1.11/share/em_armgcc/bin/../lib/gcc/arm-none-eabi/5.4.1/../../../../arm-none-eabi/lib/armv7-m\libg_n.a(lib_a-reent.o)
                0x20001484                errno
                0x20001488                __bss_end__ = .

.heap           0x20001488        0x0
                0x20001488                __end__ = .
                0x20001488                end = __end__
 *(.heap*)
 .heap          0x20001488        0x0 obj\release\src\startup_stm32l1xx_hd.o
                0x20001488                __HeapLimit = .

.stack_dummy    0x20001488      0x800
 *(.stack)
 .stack         0x20001488      0x800 obj\release\src\startup_stm32l1xx_hd.o
                0x20014000                __StackTop = (ORIGIN (RAM) + LENGTH (RAM))
                0x20013800                __StackLimit = (__StackTop - SIZEOF (.stack_dummy))
                0x20014000                PROVIDE (__stack, __StackTop)
                0x00000001                ASSERT ((__StackLimit >= __HeapLimit), region RAM overflowed with stack)
LOAD obj\release\board_support\at_cmd_support.o
LOAD obj\release\board_support\awu_api.o
LOAD obj\release\board_support\board_support_api.o
LOAD obj\release\board_support\ds1721_driver.o
LOAD obj\release\board_support\gnss_support.o
LOAD obj\release\board_support\i2c_api.o
LOAD obj\release\board_support\lis3dh_driver.o
LOAD obj\release\board_support\menu_engine.o
LOAD obj\release\board_support\menu_handlers.o
LOAD obj\release\board_support\tmp75_driver.o
LOAD obj\release\board_support\uart_api.o
LOAD obj\release\coap\coap_essentials.o
LOAD obj\release\src\main.o
LOAD obj\release\src\startup_stm32l1xx_hd.o
LOAD obj\release\src\system_stm32l1xx.o
START GROUP
LOAD c:/program files (x86)/embitz/1.11/share/em_armgcc/bin/../lib/gcc/arm-none-eabi/5.4.1/armv7-m\libgcc.a
LOAD c:/program files (x86)/embitz/1.11/share/em_armgcc/bin/../lib/gcc/arm-none-eabi/5.4.1/../../../../arm-none-eabi/lib/armv7-m\libg_n.a
LOAD c:/program files (x86)/embitz/1.11/share/em_armgcc/bin/../lib/gcc/arm-none-eabi/5.4.1/../../../../arm-none-eabi/lib/armv7-m\libc_n.a
END GROUP
START GROUP
LOAD c:/program files (x86)/embitz/1.11/share/em_armgcc/bin/../lib/gcc/arm-none-eabi/5.4.1/armv7-m\libgcc.a
LOAD c:/program files (x86)/embitz/1.11/share/em_armgcc/bin/../lib/gcc/arm-none-eabi/5.4.1/../../../../arm-none-eabi/lib/armv7-m\libc_n.a
LOAD c:/program files (x86)/embitz/1.11/share/em_armgcc/bin/../lib/gcc/arm-none-eabi/5.4.1/../../../../arm-none-eabi/lib/armv7-m\libnosys_s.a
END GROUP
LOAD c:/program files (x86)/embitz/1.11/share/em_armgcc/bin/../lib/gcc/arm-none-eabi/5.4.1/armv7-m/crtend.o
LOAD c:/program files (x86)/embitz/1.11/share/em_armgcc/bin/../lib/gcc/arm-none-eabi/5.4.1/armv7-m/crtn.o
OUTPUT(bin\Release\MTS_EvKit_Demo.elf elf32-littlearm)

.ARM.attributes
                0x00000000       0x29
 .ARM.attributes
                0x00000000       0x1d c:/program files (x86)/embitz/1.11/share/em_armgcc/bin/../lib/gcc/arm-none-eabi/5.4.1/armv7-m/crti.o
 .ARM.attributes
                0x0000001d       0x2d c:/program files (x86)/embitz/1.11/share/em_armgcc/bin/../lib/gcc/arm-none-eabi/5.4.1/armv7-m/crtbegin.o
 .ARM.attributes
                0x0000004a       0x1b c:/program files (x86)/embitz/1.11/share/em_armgcc/bin/../lib/gcc/arm-none-eabi/5.4.1/../../../../arm-none-eabi/lib/armv7-m/crt0.o
 .ARM.attributes
                0x00000065       0x33 obj\release\board_support\at_cmd_support.o
 .ARM.attributes
                0x00000098       0x33 obj\release\board_support\awu_api.o
 .ARM.attributes
                0x000000cb       0x33 obj\release\board_support\board_support_api.o
 .ARM.attributes
                0x000000fe       0x33 obj\release\board_support\ds1721_driver.o
 .ARM.attributes
                0x00000131       0x33 obj\release\board_support\gnss_support.o
 .ARM.attributes
                0x00000164       0x33 obj\release\board_support\i2c_api.o
 .ARM.attributes
                0x00000197       0x33 obj\release\board_support\lis3dh_driver.o
 .ARM.attributes
                0x000001ca       0x33 obj\release\board_support\menu_engine.o
 .ARM.attributes
                0x000001fd       0x33 obj\release\board_support\menu_handlers.o
 .ARM.attributes
                0x00000230       0x33 obj\release\board_support\uart_api.o
 .ARM.attributes
                0x00000263       0x33 obj\release\coap\coap_essentials.o
 .ARM.attributes
                0x00000296       0x33 obj\release\src\main.o
 .ARM.attributes
                0x000002c9       0x1b obj\release\src\startup_stm32l1xx_hd.o
 .ARM.attributes
                0x000002e4       0x1d c:/program files (x86)/embitz/1.11/share/em_armgcc/bin/../lib/gcc/arm-none-eabi/5.4.1/armv7-m\libgcc.a(_arm_addsubdf3.o)
 .ARM.attributes
                0x00000301       0x1d c:/program files (x86)/embitz/1.11/share/em_armgcc/bin/../lib/gcc/arm-none-eabi/5.4.1/armv7-m\libgcc.a(_arm_muldivdf3.o)
 .ARM.attributes
                0x0000031e       0x1d c:/program files (x86)/embitz/1.11/share/em_armgcc/bin/../lib/gcc/arm-none-eabi/5.4.1/armv7-m\libgcc.a(_arm_fixunsdfsi.o)
 .ARM.attributes
                0x0000033b       0x1d c:/program files (x86)/embitz/1.11/share/em_armgcc/bin/../lib/gcc/arm-none-eabi/5.4.1/armv7-m\libgcc.a(_arm_truncdfsf2.o)
 .ARM.attributes
                0x00000358       0x1d c:/program files (x86)/embitz/1.11/share/em_armgcc/bin/../lib/gcc/arm-none-eabi/5.4.1/armv7-m\libgcc.a(_arm_addsubsf3.o)
 .ARM.attributes
                0x00000375       0x1d c:/program files (x86)/embitz/1.11/share/em_armgcc/bin/../lib/gcc/arm-none-eabi/5.4.1/armv7-m\libgcc.a(_arm_fixunssfsi.o)
 .ARM.attributes
                0x00000392       0x2d c:/program files (x86)/embitz/1.11/share/em_armgcc/bin/../lib/gcc/arm-none-eabi/5.4.1/../../../../arm-none-eabi/lib/armv7-m\libg_n.a(lib_a-atof.o)
 .ARM.attributes
                0x000003bf       0x2d c:/program files (x86)/embitz/1.11/share/em_armgcc/bin/../lib/gcc/arm-none-eabi/5.4.1/../../../../arm-none-eabi/lib/armv7-m\libg_n.a(lib_a-atoi.o)
 .ARM.attributes
                0x000003ec       0x2d c:/program files (x86)/embitz/1.11/share/em_armgcc/bin/../lib/gcc/arm-none-eabi/5.4.1/../../../../arm-none-eabi/lib/armv7-m\libg_n.a(lib_a-exit.o)
 .ARM.attributes
                0x00000419       0x2d c:/program files (x86)/embitz/1.11/share/em_armgcc/bin/../lib/gcc/arm-none-eabi/5.4.1/../../../../arm-none-eabi/lib/armv7-m\libg_n.a(lib_a-impure.o)
 .ARM.attributes
                0x00000446       0x2d c:/program files (x86)/embitz/1.11/share/em_armgcc/bin/../lib/gcc/arm-none-eabi/5.4.1/../../../../arm-none-eabi/lib/armv7-m\libg_n.a(lib_a-init.o)
 .ARM.attributes
                0x00000473       0x2d c:/program files (x86)/embitz/1.11/share/em_armgcc/bin/../lib/gcc/arm-none-eabi/5.4.1/../../../../arm-none-eabi/lib/armv7-m\libg_n.a(lib_a-memcpy-stub.o)
 .ARM.attributes
                0x000004a0       0x2d c:/program files (x86)/embitz/1.11/share/em_armgcc/bin/../lib/gcc/arm-none-eabi/5.4.1/../../../../arm-none-eabi/lib/armv7-m\libg_n.a(lib_a-memset.o)
 .ARM.attributes
                0x000004cd       0x2d c:/program files (x86)/embitz/1.11/share/em_armgcc/bin/../lib/gcc/arm-none-eabi/5.4.1/../../../../arm-none-eabi/lib/armv7-m\libg_n.a(lib_a-nano-vfprintf_float.o)
 .ARM.attributes
                0x000004fa       0x2d c:/program files (x86)/embitz/1.11/share/em_armgcc/bin/../lib/gcc/arm-none-eabi/5.4.1/../../../../arm-none-eabi/lib/armv7-m\libg_n.a(lib_a-nano-vfprintf_i.o)
 .ARM.attributes
                0x00000527       0x2d c:/program files (x86)/embitz/1.11/share/em_armgcc/bin/../lib/gcc/arm-none-eabi/5.4.1/../../../../arm-none-eabi/lib/armv7-m\libg_n.a(lib_a-printf.o)
 .ARM.attributes
                0x00000554       0x2d c:/program files (x86)/embitz/1.11/share/em_armgcc/bin/../lib/gcc/arm-none-eabi/5.4.1/../../../../arm-none-eabi/lib/armv7-m\libg_n.a(lib_a-putchar.o)
 .ARM.attributes
                0x00000581       0x2d c:/program files (x86)/embitz/1.11/share/em_armgcc/bin/../lib/gcc/arm-none-eabi/5.4.1/../../../../arm-none-eabi/lib/armv7-m\libg_n.a(lib_a-puts.o)
 .ARM.attributes
                0x000005ae       0x2d c:/program files (x86)/embitz/1.11/share/em_armgcc/bin/../lib/gcc/arm-none-eabi/5.4.1/../../../../arm-none-eabi/lib/armv7-m\libg_n.a(lib_a-rget.o)
 .ARM.attributes
                0x000005db       0x2d c:/program files (x86)/embitz/1.11/share/em_armgcc/bin/../lib/gcc/arm-none-eabi/5.4.1/../../../../arm-none-eabi/lib/armv7-m\libg_n.a(lib_a-scanf.o)
 .ARM.attributes
                0x00000608       0x2d c:/program files (x86)/embitz/1.11/share/em_armgcc/bin/../lib/gcc/arm-none-eabi/5.4.1/../../../../arm-none-eabi/lib/armv7-m\libg_n.a(lib_a-setbuf.o)
 .ARM.attributes
                0x00000635       0x2d c:/program files (x86)/embitz/1.11/share/em_armgcc/bin/../lib/gcc/arm-none-eabi/5.4.1/../../../../arm-none-eabi/lib/armv7-m\libg_n.a(lib_a-setvbuf.o)
 .ARM.attributes
                0x00000662       0x2d c:/program files (x86)/embitz/1.11/share/em_armgcc/bin/../lib/gcc/arm-none-eabi/5.4.1/../../../../arm-none-eabi/lib/armv7-m\libg_n.a(lib_a-snprintf.o)
 .ARM.attributes
                0x0000068f       0x2d c:/program files (x86)/embitz/1.11/share/em_armgcc/bin/../lib/gcc/arm-none-eabi/5.4.1/../../../../arm-none-eabi/lib/armv7-m\libg_n.a(lib_a-sprintf.o)
 .ARM.attributes
                0x000006bc       0x2d c:/program files (x86)/embitz/1.11/share/em_armgcc/bin/../lib/gcc/arm-none-eabi/5.4.1/../../../../arm-none-eabi/lib/armv7-m\libg_n.a(lib_a-sscanf.o)
 .ARM.attributes
                0x000006e9       0x2d c:/program files (x86)/embitz/1.11/share/em_armgcc/bin/../lib/gcc/arm-none-eabi/5.4.1/../../../../arm-none-eabi/lib/armv7-m\libg_n.a(lib_a-stdio.o)
 .ARM.attributes
                0x00000716       0x1b c:/program files (x86)/embitz/1.11/share/em_armgcc/bin/../lib/gcc/arm-none-eabi/5.4.1/../../../../arm-none-eabi/lib/armv7-m\libg_n.a(lib_a-strcmp.o)
 .ARM.attributes
                0x00000731       0x2d c:/program files (x86)/embitz/1.11/share/em_armgcc/bin/../lib/gcc/arm-none-eabi/5.4.1/../../../../arm-none-eabi/lib/armv7-m\libg_n.a(lib_a-strcpy.o)
 .ARM.attributes
                0x0000075e       0x17 c:/program files (x86)/embitz/1.11/share/em_armgcc/bin/../lib/gcc/arm-none-eabi/5.4.1/../../../../arm-none-eabi/lib/armv7-m\libg_n.a(lib_a-strlen.o)
 .ARM.attributes
                0x00000775       0x2d c:/program files (x86)/embitz/1.11/share/em_armgcc/bin/../lib/gcc/arm-none-eabi/5.4.1/../../../../arm-none-eabi/lib/armv7-m\libg_n.a(lib_a-strncpy.o)
 .ARM.attributes
                0x000007a2       0x2d c:/program files (x86)/embitz/1.11/share/em_armgcc/bin/../lib/gcc/arm-none-eabi/5.4.1/../../../../arm-none-eabi/lib/armv7-m\libg_n.a(lib_a-strstr.o)
 .ARM.attributes
                0x000007cf       0x2d c:/program files (x86)/embitz/1.11/share/em_armgcc/bin/../lib/gcc/arm-none-eabi/5.4.1/../../../../arm-none-eabi/lib/armv7-m\libg_n.a(lib_a-strtod.o)
 .ARM.attributes
                0x000007fc       0x2d c:/program files (x86)/embitz/1.11/share/em_armgcc/bin/../lib/gcc/arm-none-eabi/5.4.1/../../../../arm-none-eabi/lib/armv7-m\libg_n.a(lib_a-strtok.o)
 .ARM.attributes
                0x00000829       0x2d c:/program files (x86)/embitz/1.11/share/em_armgcc/bin/../lib/gcc/arm-none-eabi/5.4.1/../../../../arm-none-eabi/lib/armv7-m\libg_n.a(lib_a-strtok_r.o)
 .ARM.attributes
                0x00000856       0x2d c:/program files (x86)/embitz/1.11/share/em_armgcc/bin/../lib/gcc/arm-none-eabi/5.4.1/../../../../arm-none-eabi/lib/armv7-m\libg_n.a(lib_a-strtol.o)
 .ARM.attributes
                0x00000883       0x2d c:/program files (x86)/embitz/1.11/share/em_armgcc/bin/../lib/gcc/arm-none-eabi/5.4.1/../../../../arm-none-eabi/lib/armv7-m\libg_n.a(lib_a-wbuf.o)
 .ARM.attributes
                0x000008b0       0x2d c:/program files (x86)/embitz/1.11/share/em_armgcc/bin/../lib/gcc/arm-none-eabi/5.4.1/../../../../arm-none-eabi/lib/armv7-m\libg_n.a(lib_a-writer.o)
 .ARM.attributes
                0x000008dd       0x2d c:/program files (x86)/embitz/1.11/share/em_armgcc/bin/../lib/gcc/arm-none-eabi/5.4.1/../../../../arm-none-eabi/lib/armv7-m\libg_n.a(lib_a-wsetup.o)
 .ARM.attributes
                0x0000090a       0x2d c:/program files (x86)/embitz/1.11/share/em_armgcc/bin/../lib/gcc/arm-none-eabi/5.4.1/../../../../arm-none-eabi/lib/armv7-m\libg_n.a(lib_a-closer.o)
 .ARM.attributes
                0x00000937       0x2d c:/program files (x86)/embitz/1.11/share/em_armgcc/bin/../lib/gcc/arm-none-eabi/5.4.1/../../../../arm-none-eabi/lib/armv7-m\libg_n.a(lib_a-ctype_.o)
 .ARM.attributes
                0x00000964       0x2d c:/program files (x86)/embitz/1.11/share/em_armgcc/bin/../lib/gcc/arm-none-eabi/5.4.1/../../../../arm-none-eabi/lib/armv7-m\libg_n.a(lib_a-dtoa.o)
 .ARM.attributes
                0x00000991       0x2d c:/program files (x86)/embitz/1.11/share/em_armgcc/bin/../lib/gcc/arm-none-eabi/5.4.1/../../../../arm-none-eabi/lib/armv7-m\libg_n.a(lib_a-fflush.o)
 .ARM.attributes
                0x000009be       0x2d c:/program files (x86)/embitz/1.11/share/em_armgcc/bin/../lib/gcc/arm-none-eabi/5.4.1/../../../../arm-none-eabi/lib/armv7-m\libg_n.a(lib_a-findfp.o)
 .ARM.attributes
                0x000009eb       0x2d c:/program files (x86)/embitz/1.11/share/em_armgcc/bin/../lib/gcc/arm-none-eabi/5.4.1/../../../../arm-none-eabi/lib/armv7-m\libg_n.a(lib_a-fwalk.o)
 .ARM.attributes
                0x00000a18       0x2d c:/program files (x86)/embitz/1.11/share/em_armgcc/bin/../lib/gcc/arm-none-eabi/5.4.1/../../../../arm-none-eabi/lib/armv7-m\libg_n.a(lib_a-gdtoa-gethex.o)
 .ARM.attributes
                0x00000a45       0x2d c:/program files (x86)/embitz/1.11/share/em_armgcc/bin/../lib/gcc/arm-none-eabi/5.4.1/../../../../arm-none-eabi/lib/armv7-m\libg_n.a(lib_a-gdtoa-hexnan.o)
 .ARM.attributes
                0x00000a72       0x2d c:/program files (x86)/embitz/1.11/share/em_armgcc/bin/../lib/gcc/arm-none-eabi/5.4.1/../../../../arm-none-eabi/lib/armv7-m\libg_n.a(lib_a-locale.o)
 .ARM.attributes
                0x00000a9f       0x2d c:/program files (x86)/embitz/1.11/share/em_armgcc/bin/../lib/gcc/arm-none-eabi/5.4.1/../../../../arm-none-eabi/lib/armv7-m\libg_n.a(lib_a-lseekr.o)
 .ARM.attributes
                0x00000acc       0x2d c:/program files (x86)/embitz/1.11/share/em_armgcc/bin/../lib/gcc/arm-none-eabi/5.4.1/../../../../arm-none-eabi/lib/armv7-m\libg_n.a(lib_a-makebuf.o)
 .ARM.attributes
                0x00000af9       0x2d c:/program files (x86)/embitz/1.11/share/em_armgcc/bin/../lib/gcc/arm-none-eabi/5.4.1/../../../../arm-none-eabi/lib/armv7-m\libg_n.a(lib_a-malloc.o)
 .ARM.attributes
                0x00000b26       0x2d c:/program files (x86)/embitz/1.11/share/em_armgcc/bin/../lib/gcc/arm-none-eabi/5.4.1/../../../../arm-none-eabi/lib/armv7-m\libg_n.a(lib_a-memchr-stub.o)
 .ARM.attributes
                0x00000b53       0x2d c:/program files (x86)/embitz/1.11/share/em_armgcc/bin/../lib/gcc/arm-none-eabi/5.4.1/../../../../arm-none-eabi/lib/armv7-m\libg_n.a(lib_a-mprec.o)
 .ARM.attributes
                0x00000b80       0x2d c:/program files (x86)/embitz/1.11/share/em_armgcc/bin/../lib/gcc/arm-none-eabi/5.4.1/../../../../arm-none-eabi/lib/armv7-m\libg_n.a(lib_a-nano-callocr.o)
 .ARM.attributes
                0x00000bad       0x2d c:/program files (x86)/embitz/1.11/share/em_armgcc/bin/../lib/gcc/arm-none-eabi/5.4.1/../../../../arm-none-eabi/lib/armv7-m\libg_n.a(lib_a-nano-freer.o)
 .ARM.attributes
                0x00000bda       0x2d c:/program files (x86)/embitz/1.11/share/em_armgcc/bin/../lib/gcc/arm-none-eabi/5.4.1/../../../../arm-none-eabi/lib/armv7-m\libg_n.a(lib_a-nano-mallocr.o)
 .ARM.attributes
                0x00000c07       0x2d c:/program files (x86)/embitz/1.11/share/em_armgcc/bin/../lib/gcc/arm-none-eabi/5.4.1/../../../../arm-none-eabi/lib/armv7-m\libg_n.a(lib_a-nano-svfprintf.o)
 .ARM.attributes
                0x00000c34       0x2d c:/program files (x86)/embitz/1.11/share/em_armgcc/bin/../lib/gcc/arm-none-eabi/5.4.1/../../../../arm-none-eabi/lib/armv7-m\libg_n.a(lib_a-nano-svfscanf.o)
 .ARM.attributes
                0x00000c61       0x2d c:/program files (x86)/embitz/1.11/share/em_armgcc/bin/../lib/gcc/arm-none-eabi/5.4.1/../../../../arm-none-eabi/lib/armv7-m\libg_n.a(lib_a-nano-vfprintf.o)
 .ARM.attributes
                0x00000c8e       0x2d c:/program files (x86)/embitz/1.11/share/em_armgcc/bin/../lib/gcc/arm-none-eabi/5.4.1/../../../../arm-none-eabi/lib/armv7-m\libg_n.a(lib_a-nano-vfscanf.o)
 .ARM.attributes
                0x00000cbb       0x2d c:/program files (x86)/embitz/1.11/share/em_armgcc/bin/../lib/gcc/arm-none-eabi/5.4.1/../../../../arm-none-eabi/lib/armv7-m\libg_n.a(lib_a-nano-vfscanf_i.o)
 .ARM.attributes
                0x00000ce8       0x2d c:/program files (x86)/embitz/1.11/share/em_armgcc/bin/../lib/gcc/arm-none-eabi/5.4.1/../../../../arm-none-eabi/lib/armv7-m\libg_n.a(lib_a-putc.o)
 .ARM.attributes
                0x00000d15       0x2d c:/program files (x86)/embitz/1.11/share/em_armgcc/bin/../lib/gcc/arm-none-eabi/5.4.1/../../../../arm-none-eabi/lib/armv7-m\libg_n.a(lib_a-readr.o)
 .ARM.attributes
                0x00000d42       0x2d c:/program files (x86)/embitz/1.11/share/em_armgcc/bin/../lib/gcc/arm-none-eabi/5.4.1/../../../../arm-none-eabi/lib/armv7-m\libg_n.a(lib_a-reent.o)
 .ARM.attributes
                0x00000d6f       0x2d c:/program files (x86)/embitz/1.11/share/em_armgcc/bin/../lib/gcc/arm-none-eabi/5.4.1/../../../../arm-none-eabi/lib/armv7-m\libg_n.a(lib_a-refill.o)
 .ARM.attributes
                0x00000d9c       0x2d c:/program files (x86)/embitz/1.11/share/em_armgcc/bin/../lib/gcc/arm-none-eabi/5.4.1/../../../../arm-none-eabi/lib/armv7-m\libg_n.a(lib_a-sbrkr.o)
 .ARM.attributes
                0x00000dc9       0x2d c:/program files (x86)/embitz/1.11/share/em_armgcc/bin/../lib/gcc/arm-none-eabi/5.4.1/../../../../arm-none-eabi/lib/armv7-m\libg_n.a(lib_a-sccl.o)
 .ARM.attributes
                0x00000df6       0x2d c:/program files (x86)/embitz/1.11/share/em_armgcc/bin/../lib/gcc/arm-none-eabi/5.4.1/../../../../arm-none-eabi/lib/armv7-m\libg_n.a(lib_a-strncmp.o)
 .ARM.attributes
                0x00000e23       0x2d c:/program files (x86)/embitz/1.11/share/em_armgcc/bin/../lib/gcc/arm-none-eabi/5.4.1/../../../../arm-none-eabi/lib/armv7-m\libg_n.a(lib_a-strtoul.o)
 .ARM.attributes
                0x00000e50       0x2d c:/program files (x86)/embitz/1.11/share/em_armgcc/bin/../lib/gcc/arm-none-eabi/5.4.1/../../../../arm-none-eabi/lib/armv7-m\libg_n.a(lib_a-ungetc.o)
 .ARM.attributes
                0x00000e7d       0x2d c:/program files (x86)/embitz/1.11/share/em_armgcc/bin/../lib/gcc/arm-none-eabi/5.4.1/../../../../arm-none-eabi/lib/armv7-m\libg_n.a(lib_a-fstatr.o)
 .ARM.attributes
                0x00000eaa       0x2d c:/program files (x86)/embitz/1.11/share/em_armgcc/bin/../lib/gcc/arm-none-eabi/5.4.1/../../../../arm-none-eabi/lib/armv7-m\libg_n.a(lib_a-isattyr.o)
 .ARM.attributes
                0x00000ed7       0x2d c:/program files (x86)/embitz/1.11/share/em_armgcc/bin/../lib/gcc/arm-none-eabi/5.4.1/../../../../arm-none-eabi/lib/armv7-m\libg_n.a(lib_a-memmove.o)
 .ARM.attributes
                0x00000f04       0x2d c:/program files (x86)/embitz/1.11/share/em_armgcc/bin/../lib/gcc/arm-none-eabi/5.4.1/../../../../arm-none-eabi/lib/armv7-m\libg_n.a(lib_a-mlock.o)
 .ARM.attributes
                0x00000f31       0x2d c:/program files (x86)/embitz/1.11/share/em_armgcc/bin/../lib/gcc/arm-none-eabi/5.4.1/../../../../arm-none-eabi/lib/armv7-m\libg_n.a(lib_a-nano-reallocr.o)
 .ARM.attributes
                0x00000f5e       0x2d c:/program files (x86)/embitz/1.11/share/em_armgcc/bin/../lib/gcc/arm-none-eabi/5.4.1/../../../../arm-none-eabi/lib/armv7-m\libg_n.a(lib_a-nano-msizer.o)
 .ARM.attributes
                0x00000f8b       0x1d c:/program files (x86)/embitz/1.11/share/em_armgcc/bin/../lib/gcc/arm-none-eabi/5.4.1/armv7-m\libgcc.a(_arm_cmpdf2.o)
 .ARM.attributes
                0x00000fa8       0x1d c:/program files (x86)/embitz/1.11/share/em_armgcc/bin/../lib/gcc/arm-none-eabi/5.4.1/armv7-m\libgcc.a(_arm_unorddf2.o)
 .ARM.attributes
                0x00000fc5       0x1d c:/program files (x86)/embitz/1.11/share/em_armgcc/bin/../lib/gcc/arm-none-eabi/5.4.1/armv7-m\libgcc.a(_arm_fixdfsi.o)
 .ARM.attributes
                0x00000fe2       0x2d c:/program files (x86)/embitz/1.11/share/em_armgcc/bin/../lib/gcc/arm-none-eabi/5.4.1/../../../../arm-none-eabi/lib/armv7-m\libnosys_s.a(close.o)
 .ARM.attributes
                0x0000100f       0x2d c:/program files (x86)/embitz/1.11/share/em_armgcc/bin/../lib/gcc/arm-none-eabi/5.4.1/../../../../arm-none-eabi/lib/armv7-m\libnosys_s.a(fstat.o)
 .ARM.attributes
                0x0000103c       0x2d c:/program files (x86)/embitz/1.11/share/em_armgcc/bin/../lib/gcc/arm-none-eabi/5.4.1/../../../../arm-none-eabi/lib/armv7-m\libnosys_s.a(isatty.o)
 .ARM.attributes
                0x00001069       0x2d c:/program files (x86)/embitz/1.11/share/em_armgcc/bin/../lib/gcc/arm-none-eabi/5.4.1/../../../../arm-none-eabi/lib/armv7-m\libnosys_s.a(lseek.o)
 .ARM.attributes
                0x00001096       0x2d c:/program files (x86)/embitz/1.11/share/em_armgcc/bin/../lib/gcc/arm-none-eabi/5.4.1/../../../../arm-none-eabi/lib/armv7-m\libnosys_s.a(sbrk.o)
 .ARM.attributes
                0x000010c3       0x2d c:/program files (x86)/embitz/1.11/share/em_armgcc/bin/../lib/gcc/arm-none-eabi/5.4.1/../../../../arm-none-eabi/lib/armv7-m\libnosys_s.a(_exit.o)
 .ARM.attributes
                0x000010f0       0x2d c:/program files (x86)/embitz/1.11/share/em_armgcc/bin/../lib/gcc/arm-none-eabi/5.4.1/armv7-m/crtend.o
 .ARM.attributes
                0x0000111d       0x1d c:/program files (x86)/embitz/1.11/share/em_armgcc/bin/../lib/gcc/arm-none-eabi/5.4.1/armv7-m/crtn.o

.comment        0x00000000       0x6e
 .comment       0x00000000       0x6e obj\release\board_support\at_cmd_support.o
                                 0x6f (size before relaxing)
 .comment       0x0000006e       0x6f obj\release\board_support\awu_api.o
 .comment       0x0000006e       0x6f obj\release\board_support\board_support_api.o
 .comment       0x0000006e       0x6f obj\release\board_support\ds1721_driver.o
 .comment       0x0000006e       0x6f obj\release\board_support\gnss_support.o
 .comment       0x0000006e       0x6f obj\release\board_support\i2c_api.o
 .comment       0x0000006e       0x6f obj\release\board_support\lis3dh_driver.o
 .comment       0x0000006e       0x6f obj\release\board_support\menu_engine.o
 .comment       0x0000006e       0x6f obj\release\board_support\menu_handlers.o
 .comment       0x0000006e       0x6f obj\release\board_support\uart_api.o
 .comment       0x0000006e       0x6f obj\release\coap\coap_essentials.o
 .comment       0x0000006e       0x6f obj\release\src\main.o

.debug_info     0x00000000     0x1122